ARM Linker, 4.1 [Build 481] [Standard]

==============================================================================

Section Cross References

    hardware_init.o(.text) refers to misc.o(.text) for NVIC_PriorityGroupConfig
    hardware_init.o(.text) refers to stm32f10x_gpio.o(.text) for GPIO_Init
    hardware_init.o(.text) refers to stm32f10x_rcc.o(.text) for RCC_APB2PeriphClockCmd
    hardware_init.o(.text) refers to motor_driver.o(.text) for Motor_Driver_Port_Init()
    hardware_init.o(.text) refers to head_driver.o(.text) for Head_Driver_Port_Init()
    hardware_init.o(.text) refers to head_sensor.o(.text) for Head_Sensor_Port_Init()
    hardware_init.o(.text) refers to rtk_packge.o(.text) for rtk_packge_Port_Init()
    hardware_init.o(.text) refers to imu.o(.text) for ALF001_Port_Init()
    hardware_init.o(.text) refers to timer.o(.text) for Sys_Tick_Init()
    hardware_init.o(.ARM.exidx) refers to hardware_init.o(.text) for .text
    main.o(.text) refers to _printf_percent.o(.ARM.Collect$$_printf_percent$$00000000) for _printf_percent
    main.o(.text) refers to _printf_d.o(.ARM.Collect$$_printf_percent$$00000009) for _printf_d
    main.o(.text) refers to _printf_f.o(.ARM.Collect$$_printf_percent$$00000003) for _printf_f
    main.o(.text) refers to _printf_dec.o(.text) for _printf_int_dec
    main.o(.text) refers to printf1.o(x$fpl$printf1) for _printf_fp_dec
    main.o(.text) refers to f2d.o(x$fpl$f2d) for __aeabi_f2d
    main.o(.text) refers to ddiv.o(x$fpl$ddiv) for __aeabi_ddiv
    main.o(.text) refers to dmul.o(x$fpl$dmul) for __aeabi_dmul
    main.o(.text) refers to dfix.o(x$fpl$dfix) for __aeabi_d2iz
    main.o(.text) refers to fdiv.o(x$fpl$fdiv) for __aeabi_fdiv
    main.o(.text) refers to drleqf.o(x$fpl$drleqf) for __aeabi_cdrcmple
    main.o(.text) refers to dleqf.o(x$fpl$dleqf) for __aeabi_cdcmple
    main.o(.text) refers to asin.o(i.asin) for asin
    main.o(.text) refers to scalbn.o(x$fpl$scalbn) for __ARM_scalbn
    main.o(.text) refers to timer.o(.text) for Sys_Timer_Expired(sys_timer*)
    main.o(.text) refers to motor_driver.o(.text) for Move_Speed_Regulate(short)
    main.o(.text) refers to main.o(t._ZN3ros11NodeHandle_I13STM32HardwareLi25ELi25ELi1024ELi1024EE3nowEv) for ros::NodeHandle_<STM32Hardware, (int)25, (int)25, (int)1024, (int)1024>::now()
    main.o(.text) refers to dflt_clz.o(x$fpl$dfltu) for __aeabi_ui2d
    main.o(.text) refers to dflt_clz.o(x$fpl$dflt) for __aeabi_i2d
    main.o(.text) refers to sin.o(i.sin) for sin
    main.o(.text) refers to cos.o(i.cos) for cos
    main.o(.text) refers to daddsub_clz.o(x$fpl$dsub) for __aeabi_dsub
    main.o(.text) refers to daddsub_clz.o(x$fpl$dadd) for __aeabi_dadd
    main.o(.text) refers to d2f.o(x$fpl$d2f) for __aeabi_d2f
    main.o(.text) refers to main.o(i._ZN3ros9Publisher7publishEPKNS_3MsgE) for ros::Publisher::publish(const ros::Msg*)
    main.o(.text) refers to main.o(.data) for .data
    main.o(.text) refers to global.o(.bss) for sys_movedate
    main.o(.text) refers to head_driver.o(.data) for target_head_data
    main.o(.text) refers to head_sensor.o(.data) for head_data
    main.o(.text) refers to main.o(.bss) for .bss
    main.o(.text) refers to motor_driver.o(.data) for w_speed_counter
    main.o(.text) refers to noretval__2sprintf.o(.text) for __2sprintf
    main.o(.text) refers to head_sensor.o(.text) for Get_Head_Data()
    main.o(.text) refers to rtk_packge.o(.text) for rtk_packge_read()
    main.o(.text) refers to imu.o(.text) for alf001_packge_read()
    main.o(.text) refers to uart.o(.text) for USART1_Init(long)
    main.o(.text) refers to main.o(t._ZN3ros11NodeHandle_I13STM32HardwareLi25ELi25ELi1024ELi1024EE9advertiseERNS_9PublisherE) for ros::NodeHandle_<STM32Hardware, (int)25, (int)25, (int)1024, (int)1024>::advertise(ros::Publisher&)
    main.o(.text) refers to hardware_init.o(.text) for hardware_init
    main.o(.text) refers to global.o(.text) for delay_ms(unsigned)
    main.o(.text) refers to main.o(t._ZN3ros11NodeHandle_I13STM32HardwareLi25ELi25ELi1024ELi1024EE8spinOnceEv) for ros::NodeHandle_<STM32Hardware, (int)25, (int)25, (int)1024, (int)1024>::spinOnce()
    main.o(.text) refers to main.o(i._ZN13geometry_msgs5TwistC1Ev) for geometry_msgs::Twist::Twist()
    main.o(.text) refers to rtk_packge.o(.bss) for gnss_packge
    main.o(.text) refers to imu.o(.bss) for imu_alf001
    main.o(.text) refers to imu.o(.data) for imu_smw100
    main.o(.text) refers to main.o(.constdata__ZTVN13geometry_msgs10QuaternionE) for vtable for geometry_msgs::Quaternion
    main.o(.text) refers to main.o(.constdata__ZTVN8std_msgs6StringE) for vtable for std_msgs::String
    main.o(.text) refers to main.o(.constdata__ZTVN8std_msgs7Float32E) for vtable for std_msgs::Float32
    main.o(.text) refers to main.o(.constdata__ZTVN8std_msgs4Int8E) for vtable for std_msgs::Int8
[...]
    UART4_IRQHandler                         0x0800156f   Thumb Code    78  uart.o(.text)
    UART5_Init()                             0x080015bd   Thumb Code   162  uart.o(.text)
    Usart5_DataAvailable()                   0x0800165f   Thumb Code    16  uart.o(.text)
    Usart5_Getch()                           0x0800166f   Thumb Code    52  uart.o(.text)
    UART5_IRQHandler                         0x080016a3   Thumb Code    72  uart.o(.text)
    Set_Move_Motor_foward()                  0x08001709   Thumb Code     8  motor_driver.o(.text)
    Set_Move_Motor_backward()                0x08001711   Thumb Code     8  motor_driver.o(.text)
    Motor_Driver_Port_Init()                 0x08001719   Thumb Code   126  motor_driver.o(.text)
    Mow_MotorDriver_PWM_Init()               0x08001797   Thumb Code   138  motor_driver.o(.text)
    Move_MotorDriver_PWM_Init()              0x08001821   Thumb Code   144  motor_driver.o(.text)
    Move_Direction_Set(short)                0x080018b1   Thumb Code    18  motor_driver.o(.text)
    Move_Speed_Set(short)                    0x080018c3   Thumb Code    34  motor_driver.o(.text)
    Move_Speed_Regulate(short)               0x080018e5   Thumb Code   102  motor_driver.o(.text)
    Set_head_turn_left()                     0x08001981   Thumb Code     8  head_driver.o(.text)
    Set_head_turn_right()                    0x08001989   Thumb Code     8  head_driver.o(.text)
    Set_head_driver_pause()                  0x08001991   Thumb Code    22  head_driver.o(.text)
    Head_Driver_Port_Init()                  0x080019a7   Thumb Code    58  head_driver.o(.text)
    Head_Sensor_Port_Init()                  0x080019f1   Thumb Code     4  head_sensor.o(.text)
    Get_Head_Data()                          0x080019f5   Thumb Code   108  head_sensor.o(.text)
    Sys_Timer_Set(sys_timer*, unsigned)      0x08001a65   Thumb Code    10  timer.o(.text)
    Sys_Timer_Reset(sys_timer*)              0x08001a6f   Thumb Code    10  timer.o(.text)
    Sys_Timer_Restart(sys_timer*)            0x08001a79   Thumb Code     8  timer.o(.text)
    Sys_Timer_Expired(sys_timer*)            0x08001a81   Thumb Code    32  timer.o(.text)
    Sys_Timer_Count(sys_timer*)              0x08001aa1   Thumb Code    24  timer.o(.text)
    Timer2_Init()                            0x08001ab9   Thumb Code   100  timer.o(.text)
    Sys_Tick_Init()                          0x08001b1d   Thumb Code    50  timer.o(.text)
    rtk_packge_Port_Init()                   0x08001b5d   Thumb Code     4  rtk_packge.o(.text)
    rtk_packge_copy(unsigned char*, GNSS_PACKGE_STRUCT*) 0x08001b61   Thumb Code    58  rtk_packge.o(.text)
    rtk_packge_read()                        0x08001b9b   Thumb Code   100  rtk_packge.o(.text)
    ALF001_Port_Init()                       0x08001c09   Thumb Code     4  imu.o(.text)
    alf001_packge_copy(unsigned char*)       0x08001c0d   Thumb Code    52  imu.o(.text)
    alf001_packge_read()                     0x08001c41   Thumb Code    82  imu.o(.text)
    SMW100_Port_Init()                       0x08001c93   Thumb Code     4  imu.o(.text)
    smw100_packge_copy(unsigned char*)       0x08001c97   Thumb Code    56  imu.o(.text)
    smw100_packge_read()                     0x08001ccf   Thumb Code    80  imu.o(.text)
    RCC_DeInit                               0x08001d29   Thumb Code    62  stm32f10x_rcc.o(.text)
    RCC_HSEConfig                            0x08001d67   Thumb Code    48  stm32f10x_rcc.o(.text)
    RCC_GetFlagStatus                        0x08001d97   Thumb Code    42  stm32f10x_rcc.o(.text)
    RCC_WaitForHSEStartUp                    0x08001dc1   Thumb Code    38  stm32f10x_rcc.o(.text)
    RCC_AdjustHSICalibrationValue            0x08001de7   Thumb Code    16  stm32f10x_rcc.o(.text)
    RCC_HSICmd                               0x08001df7   Thumb Code     6  stm32f10x_rcc.o(.text)
    RCC_PLLConfig                            0x08001dfd   Thumb Code    16  stm32f10x_rcc.o(.text)
    RCC_PLLCmd                               0x08001e0d   Thumb Code     6  stm32f10x_rcc.o(.text)
    RCC_PREDIV1Config                        0x08001e13   Thumb Code    18  stm32f10x_rcc.o(.text)
    RCC_PREDIV2Config                        0x08001e25   Thumb Code    14  stm32f10x_rcc.o(.text)
    RCC_PLL2Config                           0x08001e33   Thumb Code    14  stm32f10x_rcc.o(.text)
    RCC_PLL2Cmd                              0x08001e41   Thumb Code     6  stm32f10x_rcc.o(.text)
    RCC_PLL3Config                           0x08001e47   Thumb Code    14  stm32f10x_rcc.o(.text)
    RCC_PLL3Cmd                              0x08001e55   Thumb Code     6  stm32f10x_rcc.o(.text)
    RCC_SYSCLKConfig                         0x08001e5b   Thumb Code    14  stm32f10x_rcc.o(.text)
    RCC_GetSYSCLKSource                      0x08001e69   Thumb Code    10  stm32f10x_rcc.o(.text)
    RCC_HCLKConfig                           0x08001e73   Thumb Code    14  stm32f10x_rcc.o(.text)
    RCC_PCLK1Config                          0x08001e81   Thumb Code    14  stm32f10x_rcc.o(.text)
    RCC_PCLK2Config                          0x08001e8f   Thumb Code    16  stm32f10x_rcc.o(.text)
    RCC_ITConfig                             0x08001e9f   Thumb Code    18  stm32f10x_rcc.o(.text)
    RCC_OTGFSCLKConfig                       0x08001eb1   Thumb Code     6  stm32f10x_rcc.o(.text)
    RCC_ADCCLKConfig                         0x08001eb7   Thumb Code    14  stm32f10x_rcc.o(.text)
    RCC_I2S2CLKConfig                        0x08001ec5   Thumb Code     6  stm32f10x_rcc.o(.text)
    RCC_I2S3CLKConfig                        0x08001ecb   Thumb Code     6  stm32f10x_rcc.o(.text)
    RCC_LSEConfig                            0x08001ed1   Thumb Code    26  stm32f10x_rcc.o(.text)
    RCC_LSICmd                               0x08001eeb   Thumb Code     6  stm32f10x_rcc.o(.text)
    RCC_RTCCLKConfig                         0x08001ef1   Thumb Code    10  stm32f10x_rcc.o(.text)
    RCC_RTCCLKCmd                            0x08001efb   Thumb Code     6  stm32f10x_rcc.o(.text)
    RCC_GetClocksFreq                        0x08001f01   Thumb Code   182  stm32f10x_rcc.o(.text)
    RCC_AHBPeriphClockCmd                    0x08001fb7   Thumb Code    18  stm32f10x_rcc.o(.text)
    RCC_APB2PeriphClockCmd                   0x08001fc9   Thumb Code    18  stm32f10x_rcc.o(.text)
    RCC_APB1PeriphClockCmd                   0x08001fdb   Thumb Code    18  stm32f10x_rcc.o(.text)
    RCC_AHBPeriphResetCmd                    0x08001fed   Thumb Code    18  stm32f10x_rcc.o(.text)
    RCC_APB2PeriphResetCmd                   0x08001fff   Thumb Code    18  stm32f10x_rcc.o(.text)
    RCC_APB1PeriphResetCmd                   0x08002011   Thumb Code    18  stm32f10x_rcc.o(.text)
    RCC_BackupResetCmd                       0x08002023   Thumb Code     6  stm32f10x_rcc.o(.text)
    RCC_ClockSecuritySystemCmd               0x08002029   Thumb Code     6  stm32f10x_rcc.o(.text)
    RCC_MCOConfig                            0x0800202f   Thumb Code     6  stm32f10x_rcc.o(.text)
    RCC_ClearFlag                            0x08002035   Thumb Code    12  stm32f10x_rcc.o(.text)
    RCC_GetITStatus                          0x08002041   Thumb Code    16  stm32f10x_rcc.o(.text)
    RCC_ClearITPendingBit                    0x08002051   Thumb Code     6  stm32f10x_rcc.o(.text)
    GPIO_DeInit                              0x08002099   Thumb Code   152  stm32f10x_gpio.o(.text)
    GPIO_AFIODeInit                          0x08002131   Thumb Code    22  stm32f10x_gpio.o(.text)
    GPIO_Init                                0x08002147   Thumb Code   156  stm32f10x_gpio.o(.text)
    GPIO_StructInit                          0x080021e3   Thumb Code    16  stm32f10x_gpio.o(.text)
    GPIO_ReadInputDataBit                    0x080021f3   Thumb Code    14  stm32f10x_gpio.o(.text)
    GPIO_ReadInputData                       0x08002201   Thumb Code     6  stm32f10x_gpio.o(.text)
    GPIO_ReadOutputDataBit                   0x08002207   Thumb Code    14  stm32f10x_gpio.o(.text)
    GPIO_ReadOutputData                      0x08002215   Thumb Code     6  stm32f10x_gpio.o(.text)
    GPIO_SetBits                             0x0800221b   Thumb Code     4  stm32f10x_gpio.o(.text)
    GPIO_ResetBits                           0x0800221f   Thumb Code     4  stm32f10x_gpio.o(.text)
    GPIO_WriteBit                            0x08002223   Thumb Code    10  stm32f10x_gpio.o(.text)
    GPIO_Write                               0x0800222d   Thumb Code     4  stm32f10x_gpio.o(.text)
    GPIO_PinLockConfig                       0x08002231   Thumb Code    16  stm32f10x_gpio.o(.text)
    GPIO_EventOutputConfig                   0x08002241   Thumb Code    22  stm32f10x_gpio.o(.text)
    GPIO_EventOutputCmd                      0x08002257   Thumb Code     6  stm32f10x_gpio.o(.text)
    GPIO_PinRemapConfig                      0x0800225d   Thumb Code    82  stm32f10x_gpio.o(.text)
    GPIO_EXTILineConfig                      0x080022af   Thumb Code    34  stm32f10x_gpio.o(.text)
    GPIO_ETH_MediaInterfaceConfig            0x080022d1   Thumb Code     6  stm32f10x_gpio.o(.text)
    NVIC_PriorityGroupConfig                 0x08002301   Thumb Code    10  misc.o(.text)
    NVIC_Init                                0x0800230b   Thumb Code    92  misc.o(.text)
    NVIC_SetVectorTable                      0x08002367   Thumb Code    12  misc.o(.text)
    NVIC_SystemLPConfig                      0x08002373   Thumb Code    24  misc.o(.text)
    SysTick_CLKSourceConfig                  0x0800238b   Thumb Code    24  misc.o(.text)
    EXTI_DeInit                              0x080023b5   Thumb Code    18  stm32f10x_exti.o(.text)
    EXTI_Init                                0x080023c7   Thumb Code   128  stm32f10x_exti.o(.text)
    EXTI_StructInit                          0x08002447   Thumb Code    14  stm32f10x_exti.o(.text)
    EXTI_GenerateSWInterrupt                 0x08002455   Thumb Code    12  stm32f10x_exti.o(.text)
    EXTI_GetFlagStatus                       0x08002461   Thumb Code    16  stm32f10x_exti.o(.text)
    EXTI_ClearFlag                           0x08002471   Thumb Code     6  stm32f10x_exti.o(.text)
    EXTI_GetITStatus                         0x08002477   Thumb Code    26  stm32f10x_exti.o(.text)
    EXTI_ClearITPendingBit                   0x08002491   Thumb Code     6  stm32f10x_exti.o(.text)
    USART_DeInit                             0x080024a9   Thumb Code    96  stm32f10x_usart.o(.text)
    USART_Init                               0x08002509   Thumb Code   176  stm32f10x_usart.o(.text)
    USART_StructInit                         0x080025b9   Thumb Code    22  stm32f10x_usart.o(.text)
    USART_ClockInit                          0x080025cf   Thumb Code    30  stm32f10x_usart.o(.text)
    USART_ClockStructInit                    0x080025ed   Thumb Code    12  stm32f10x_usart.o(.text)
    USART_Cmd                                0x080025f9   Thumb Code    20  stm32f10x_usart.o(.text)
    USART_ITConfig                           0x0800260d   Thumb Code    48  stm32f10x_usart.o(.text)
    USART_DMACmd                             0x0800263d   Thumb Code    16  stm32f10x_usart.o(.text)
    USART_SetAddress                         0x0800264d   Thumb Code    16  stm32f10x_usart.o(.text)
    USART_WakeUpConfig                       0x0800265d   Thumb Code    16  stm32f10x_usart.o(.text)
    USART_ReceiverWakeUpCmd                  0x0800266d   Thumb Code    20  stm32f10x_usart.o(.text)
    USART_LINBreakDetectLengthConfig         0x08002681   Thumb Code    16  stm32f10x_usart.o(.text)
    USART_LINCmd                             0x08002691   Thumb Code    20  stm32f10x_usart.o(.text)
    USART_SendData                           0x080026a5   Thumb Code     8  stm32f10x_usart.o(.text)
    USART_ReceiveData                        0x080026ad   Thumb Code     8  stm32f10x_usart.o(.text)
    USART_SendBreak                          0x080026b5   Thumb Code    10  stm32f10x_usart.o(.text)
    USART_SetGuardTime                       0x080026bf   Thumb Code    16  stm32f10x_usart.o(.text)
    USART_SetPrescaler                       0x080026cf   Thumb Code    16  stm32f10x_usart.o(.text)
    USART_SmartCardCmd                       0x080026df   Thumb Code    20  stm32f10x_usart.o(.text)
    USART_SmartCardNACKCmd                   0x080026f3   Thumb Code    20  stm32f10x_usart.o(.text)
    USART_HalfDuplexCmd                      0x08002707   Thumb Code    20  stm32f10x_usart.o(.text)
    USART_OverSampling8Cmd                   0x0800271b   Thumb Code    20  stm32f10x_usart.o(.text)
    USART_OneBitMethodCmd                    0x0800272f   Thumb Code    20  stm32f10x_usart.o(.text)
    USART_IrDAConfig                         0x08002743   Thumb Code    16  stm32f10x_usart.o(.text)
    USART_IrDACmd                            0x08002753   Thumb Code    20  stm32f10x_usart.o(.text)
    USART_GetFlagStatus                      0x08002767   Thumb Code    14  stm32f10x_usart.o(.text)
    USART_ClearFlag                          0x08002775   Thumb Code     6  stm32f10x_usart.o(.text)
    USART_GetITStatus                        0x0800277b   Thumb Code    62  stm32f10x_usart.o(.text)
    USART_ClearITPendingBit                  0x080027b9   Thumb Code    12  stm32f10x_usart.o(.text)
    TIM_DeInit                               0x080027d9   Thumb Code   304  stm32f10x_tim.o(.text)
    TIM_TimeBaseInit                         0x08002909   Thumb Code   114  stm32f10x_tim.o(.text)
    TIM_OC1Init                              0x0800297b   Thumb Code   106  stm32f10x_tim.o(.text)
    TIM_OC2Init                              0x080029e5   Thumb Code   116  stm32f10x_tim.o(.text)
    TIM_OC3Init                              0x08002a59   Thumb Code   112  stm32f10x_tim.o(.text)
    TIM_OC4Init                              0x08002ac9   Thumb Code    86  stm32f10x_tim.o(.text)
    TIM_SetIC4Prescaler                      0x08002b1f   Thumb Code    18  stm32f10x_tim.o(.text)
    TIM_SetIC3Prescaler                      0x08002b31   Thumb Code    16  stm32f10x_tim.o(.text)
    TIM_SetIC2Prescaler                      0x08002b41   Thumb Code    18  stm32f10x_tim.o(.text)
    TIM_SetIC1Prescaler                      0x08002bb5   Thumb Code    80  stm32f10x_tim.o(.text)
    TIM_ICInit                               0x08002c59   Thumb Code   268  stm32f10x_tim.o(.text)
    TIM_PWMIConfig                           0x08002d65   Thumb Code   104  stm32f10x_tim.o(.text)
    TIM_BDTRConfig                           0x08002dcd   Thumb Code    34  stm32f10x_tim.o(.text)
    TIM_TimeBaseStructInit                   0x08002def   Thumb Code    18  stm32f10x_tim.o(.text)
    TIM_OCStructInit                         0x08002e01   Thumb Code    20  stm32f10x_tim.o(.text)
    TIM_ICStructInit                         0x08002e15   Thumb Code    16  stm32f10x_tim.o(.text)
    TIM_BDTRStructInit                       0x08002e25   Thumb Code    18  stm32f10x_tim.o(.text)
    TIM_Cmd                                  0x08002e37   Thumb Code    20  stm32f10x_tim.o(.text)
    TIM_CtrlPWMOutputs                       0x08002e4b   Thumb Code    22  stm32f10x_tim.o(.text)
    TIM_ITConfig                             0x08002e61   Thumb Code    16  stm32f10x_tim.o(.text)
    TIM_GenerateEvent                        0x08002e71   Thumb Code     4  stm32f10x_tim.o(.text)
    TIM_DMAConfig                            0x08002e75   Thumb Code     8  stm32f10x_tim.o(.text)
    TIM_DMACmd                               0x08002e7d   Thumb Code    16  stm32f10x_tim.o(.text)
    TIM_InternalClockConfig                  0x08002e8d   Thumb Code    10  stm32f10x_tim.o(.text)
    TIM_SelectInputTrigger                   0x08002e97   Thumb Code    12  stm32f10x_tim.o(.text)
    TIM_ITRxExternalClockConfig              0x08002ea3   Thumb Code    20  stm32f10x_tim.o(.text)
    TIM_TIxExternalClockConfig               0x08002eb7   Thumb Code    46  stm32f10x_tim.o(.text)
    TIM_ETRConfig                            0x08002ee5   Thumb Code    18  stm32f10x_tim.o(.text)
    TIM_ETRClockMode1Config                  0x08002ef7   Thumb Code    18  stm32f10x_tim.o(.text)
    TIM_ETRClockMode2Config                  0x08002f09   Thumb Code    18  stm32f10x_tim.o(.text)
    TIM_PrescalerConfig                      0x08002f1b   Thumb Code     6  stm32f10x_tim.o(.text)
    TIM_CounterModeConfig                    0x08002f21   Thumb Code    12  stm32f10x_tim.o(.text)
    TIM_EncoderInterfaceConfig               0x08002f2d   Thumb Code    44  stm32f10x_tim.o(.text)
    TIM_ForcedOC1Config                      0x08002f59   Thumb Code    12  stm32f10x_tim.o(.text)
    TIM_ForcedOC2Config                      0x08002f65   Thumb Code    14  stm32f10x_tim.o(.text)
    TIM_ForcedOC3Config                      0x08002f73   Thumb Code    12  stm32f10x_tim.o(.text)
    TIM_ForcedOC4Config                      0x08002f7f   Thumb Code    14  stm32f10x_tim.o(.text)
    TIM_ARRPreloadConfig                     0x08002f8d   Thumb Code    20  stm32f10x_tim.o(.text)
    TIM_SelectCOM                            0x08002fa1   Thumb Code    20  stm32f10x_tim.o(.text)
    TIM_SelectCCDMA                          0x08002fb5   Thumb Code    20  stm32f10x_tim.o(.text)
    TIM_CCPreloadControl                     0x08002fc9   Thumb Code    20  stm32f10x_tim.o(.text)
    TIM_OC1PreloadConfig                     0x08002fdd   Thumb Code    12  stm32f10x_tim.o(.text)
    TIM_OC2PreloadConfig                     0x08002fe9   Thumb Code    14  stm32f10x_tim.o(.text)
    TIM_OC3PreloadConfig                     0x08002ff7   Thumb Code    34  stm32f10x_tim.o(.text)
    TIM_OC4PreloadConfig                     0x08003019   Thumb Code    14  stm32f10x_tim.o(.text)
    TIM_OC1FastConfig                        0x08003027   Thumb Code    12  stm32f10x_tim.o(.text)
    TIM_OC2FastConfig                        0x08003033   Thumb Code    14  stm32f10x_tim.o(.text)
    TIM_OC3FastConfig                        0x08003041   Thumb Code    12  stm32f10x_tim.o(.text)
    TIM_OC4FastConfig                        0x0800304d   Thumb Code    14  stm32f10x_tim.o(.text)
    TIM_ClearOC1Ref                          0x0800305b   Thumb Code    12  stm32f10x_tim.o(.text)
    TIM_ClearOC2Ref                          0x08003067   Thumb Code    14  stm32f10x_tim.o(.text)
    TIM_ClearOC3Ref                          0x08003075   Thumb Code    12  stm32f10x_tim.o(.text)
    TIM_ClearOC4Ref                          0x08003081   Thumb Code    14  stm32f10x_tim.o(.text)
    TIM_OC1PolarityConfig                    0x0800308f   Thumb Code    12  stm32f10x_tim.o(.text)
    TIM_OC1NPolarityConfig                   0x0800309b   Thumb Code    12  stm32f10x_tim.o(.text)
    TIM_OC2PolarityConfig                    0x080030a7   Thumb Code    14  stm32f10x_tim.o(.text)
    TIM_OC2NPolarityConfig                   0x080030b5   Thumb Code    14  stm32f10x_tim.o(.text)
    TIM_OC3PolarityConfig                    0x080030c3   Thumb Code    14  stm32f10x_tim.o(.text)
    TIM_OC3NPolarityConfig                   0x080030d1   Thumb Code    14  stm32f10x_tim.o(.text)
    TIM_OC4PolarityConfig                    0x080030df   Thumb Code    14  stm32f10x_tim.o(.text)
    TIM_CCxCmd                               0x080030ed   Thumb Code    22  stm32f10x_tim.o(.text)
    TIM_CCxNCmd                              0x08003103   Thumb Code    22  stm32f10x_tim.o(.text)
    TIM_SelectOCxM                           0x08003119   Thumb Code    66  stm32f10x_tim.o(.text)
    TIM_UpdateDisableConfig                  0x0800315b   Thumb Code    20  stm32f10x_tim.o(.text)
    TIM_UpdateRequestConfig                  0x0800316f   Thumb Code    20  stm32f10x_tim.o(.text)
    TIM_SelectHallSensor                     0x08003183   Thumb Code    20  stm32f10x_tim.o(.text)
    TIM_SelectOnePulseMode                   0x08003197   Thumb Code    16  stm32f10x_tim.o(.text)
    TIM_SelectOutputTrigger                  0x080031a7   Thumb Code    16  stm32f10x_tim.o(.text)
    TIM_SelectSlaveMode                      0x080031b7   Thumb Code    16  stm32f10x_tim.o(.text)
    TIM_SelectMasterSlaveMode                0x080031c7   Thumb Code    16  stm32f10x_tim.o(.text)
    TIM_SetCounter                           0x080031d7   Thumb Code     4  stm32f10x_tim.o(.text)
    TIM_SetAutoreload                        0x080031db   Thumb Code     4  stm32f10x_tim.o(.text)
    TIM_SetCompare1                          0x080031df   Thumb Code     4  stm32f10x_tim.o(.text)
    TIM_SetCompare2                          0x080031e3   Thumb Code     4  stm32f10x_tim.o(.text)
    TIM_SetCompare3                          0x080031e7   Thumb Code     4  stm32f10x_tim.o(.text)
    TIM_SetCompare4                          0x080031eb   Thumb Code     6  stm32f10x_tim.o(.text)
    TIM_SetClockDivision                     0x080031f1   Thumb Code    16  stm32f10x_tim.o(.text)
    TIM_GetCapture1                          0x08003201   Thumb Code     4  stm32f10x_tim.o(.text)
    TIM_GetCapture2                          0x08003205   Thumb Code     4  stm32f10x_tim.o(.text)
    TIM_GetCapture3                          0x08003209   Thumb Code     4  stm32f10x_tim.o(.text)
    TIM_GetCapture4                          0x0800320d   Thumb Code     6  stm32f10x_tim.o(.text)
    TIM_GetCounter                           0x08003213   Thumb Code     4  stm32f10x_tim.o(.text)
    TIM_GetPrescaler                         0x08003217   Thumb Code     4  stm32f10x_tim.o(.text)
    TIM_GetFlagStatus                        0x0800321b   Thumb Code    14  stm32f10x_tim.o(.text)
    TIM_ClearFlag                            0x08003229   Thumb Code     6  stm32f10x_tim.o(.text)
    TIM_GetITStatus                          0x0800322f   Thumb Code    24  stm32f10x_tim.o(.text)
    TIM_ClearITPendingBit                    0x08003247   Thumb Code     6  stm32f10x_tim.o(.text)
    SystemInit                               0x080032f5   Thumb Code    76  system_stm32f10x.o(.text)
    SystemCoreClockUpdate                    0x08003341   Thumb Code   134  system_stm32f10x.o(.text)
    Reset_Handler                            0x080033f5   Thumb Code     8  startup_stm32f10x_cl.o(.text)
    ADC1_2_IRQHandler                        0x0800340f   Thumb Code     0  startup_stm32f10x_cl.o(.text)
    CAN1_RX0_IRQHandler                      0x0800340f   Thumb Code     0  startup_stm32f10x_cl.o(.text)
    CAN1_RX1_IRQHandler                      0x0800340f   Thumb Code     0  startup_stm32f10x_cl.o(.text)
    CAN1_SCE_IRQHandler                      0x0800340f   Thumb Code     0  startup_stm32f10x_cl.o(.text)
    CAN1_TX_IRQHandler                       0x0800340f   Thumb Code     0  startup_stm32f10x_cl.o(.text)
    CAN2_RX0_IRQHandler                      0x0800340f   Thumb Code     0  startup_stm32f10x_cl.o(.text)
    CAN2_RX1_IRQHandler                      0x0800340f   Thumb Code     0  startup_stm32f10x_cl.o(.text)
    CAN2_SCE_IRQHandler                      0x0800340f   Thumb Code     0  startup_stm32f10x_cl.o(.text)
    CAN2_TX_IRQHandler                       0x0800340f   Thumb Code     0  startup_stm32f10x_cl.o(.text)
    DMA1_Channel1_IRQHandler                 0x0800340f   Thumb Code     0  startup_stm32f10x_cl.o(.text)
    DMA1_Channel2_IRQHandler                 0x0800340f   Thumb Code     0  startup_stm32f10x_cl.o(.text)
    DMA1_Channel3_IRQHandler                 0x0800340f   Thumb Code     0  startup_stm32f10x_cl.o(.text)
    DMA1_Channel4_IRQHandler                 0x0800340f   Thumb Code     0  startup_stm32f10x_cl.o(.text)
    DMA1_Channel5_IRQHandler                 0x0800340f   Thumb Code     0  startup_stm32f10x_cl.o(.text)
    DMA1_Channel6_IRQHandler                 0x0800340f   Thumb Code     0  startup_stm32f10x_cl.o(.text)
    DMA1_Channel7_IRQHandler                 0x0800340f   Thumb Code     0  startup_stm32f10x_cl.o(.text)
    DMA2_Channel1_IRQHandler                 0x0800340f   Thumb Code     0  startup_stm32f10x_cl.o(.text)
    DMA2_Channel2_IRQHandler                 0x0800340f   Thumb Code     0  startup_stm32f10x_cl.o(.text)
    DMA2_Channel3_IRQHandler                 0x0800340f   Thumb Code     0  startup_stm32f10x_cl.o(.text)
    DMA2_Channel4_IRQHandler                 0x0800340f   Thumb Code     0  startup_stm32f10x_cl.o(.text)
    DMA2_Channel5_IRQHandler                 0x0800340f   Thumb Code     0  startup_stm32f10x_cl.o(.text)
    ETH_IRQHandler                           0x0800340f   Thumb Code     0  startup_stm32f10x_cl.o(.text)
    ETH_WKUP_IRQHandler                      0x0800340f   Thumb Code     0  startup_stm32f10x_cl.o(.text)
    EXTI0_IRQHandler                         0x0800340f   Thumb Code     0  startup_stm32f10x_cl.o(.text)
    EXTI15_10_IRQHandler                     0x0800340f   Thumb Code     0  startup_stm32f10x_cl.o(.text)
    EXTI1_IRQHandler                         0x0800340f   Thumb Code     0  startup_stm32f10x_cl.o(.text)
    EXTI2_IRQHandler                         0x0800340f   Thumb Code     0  startup_stm32f10x_cl.o(.text)
    EXTI3_IRQHandler                         0x0800340f   Thumb Code     0  startup_stm32f10x_cl.o(.text)
    EXTI4_IRQHandler                         0x0800340f   Thumb Code     0  startup_stm32f10x_cl.o(.text)
    EXTI9_5_IRQHandler                       0x0800340f   Thumb Code     0  startup_stm32f10x_cl.o(.text)
    FLASH_IRQHandler                         0x0800340f   Thumb Code     0  startup_stm32f10x_cl.o(.text)
    I2C1_ER_IRQHandler                       0x0800340f   Thumb Code     0  startup_stm32f10x_cl.o(.text)
    I2C1_EV_IRQHandler                       0x0800340f   Thumb Code     0  startup_stm32f10x_cl.o(.text)
    I2C2_ER_IRQHandler                       0x0800340f   Thumb Code     0  startup_stm32f10x_cl.o(.text)
    I2C2_EV_IRQHandler                       0x0800340f   Thumb Code     0  startup_stm32f10x_cl.o(.text)
    OTG_FS_IRQHandler                        0x0800340f   Thumb Code     0  startup_stm32f10x_cl.o(.text)
    OTG_FS_WKUP_IRQHandler                   0x0800340f   Thumb Code     0  startup_stm32f10x_cl.o(.text)
    PVD_IRQHandler                           0x0800340f   Thumb Code     0  startup_stm32f10x_cl.o(.text)
    RCC_IRQHandler                           0x0800340f   Thumb Code     0  startup_stm32f10x_cl.o(.text)
    RTCAlarm_IRQHandler                      0x0800340f   Thumb Code     0  startup_stm32f10x_cl.o(.text)
    RTC_IRQHandler                           0x0800340f   Thumb Code     0  startup_stm32f10x_cl.o(.text)
    SPI1_IRQHandler                          0x0800340f   Thumb Code     0  startup_stm32f10x_cl.o(.text)
    SPI2_IRQHandler                          0x0800340f   Thumb Code     0  startup_stm32f10x_cl.o(.text)
    SPI3_IRQHandler                          0x0800340f   Thumb Code     0  startup_stm32f10x_cl.o(.text)
    TAMPER_IRQHandler                        0x0800340f   Thumb Code     0  startup_stm32f10x_cl.o(.text)
    TIM1_BRK_IRQHandler                      0x0800340f   Thumb Code     0  startup_stm32f10x_cl.o(.text)
    TIM1_CC_IRQHandler                       0x0800340f   Thumb Code     0  startup_stm32f10x_cl.o(.text)
    TIM1_TRG_COM_IRQHandler                  0x0800340f   Thumb Code     0  startup_stm32f10x_cl.o(.text)
    TIM1_UP_IRQHandler                       0x0800340f   Thumb Code     0  startup_stm32f10x_cl.o(.text)
    TIM3_IRQHandler                          0x0800340f   Thumb Code     0  startup_stm32f10x_cl.o(.text)
    TIM4_IRQHandler                          0x0800340f   Thumb Code     0  startup_stm32f10x_cl.o(.text)
    TIM5_IRQHandler                          0x0800340f   Thumb Code     0  startup_stm32f10x_cl.o(.text)
    TIM6_IRQHandler                          0x0800340f   Thumb Code     0  startup_stm32f10x_cl.o(.text)
    TIM7_IRQHandler                          0x0800340f   Thumb Code     0  startup_stm32f10x_cl.o(.text)
    WWDG_IRQHandler                          0x0800340f   Thumb Code     0  startup_stm32f10x_cl.o(.text)
    __user_initial_stackheap                 0x08003411   Thumb Code     0  startup_stm32f10x_cl.o(.text)
    ros::normalizeSecNSec(unsigned long&, unsigned long&) 0x08003435   Thumb Code    24  time.o(.text)
    ros::Time::fromNSec(long)                0x0800344d   Thumb Code    30  time.o(.text)
    ros::Time::operator +=(const ros::Duration&) 0x0800346b   Thumb Code    32  time.o(.text)
    ros::Time::operator -=(const ros::Duration&) 0x0800348b   Thumb Code    32  time.o(.text)
    realloc                                  0x080034b1   Thumb Code   190  h1_realloc.o(.text)
    __2sprintf                               0x08003571   Thumb Code    34  noretval__2sprintf.o(.text)
    _printf_int_dec                          0x08003599   Thumb Code    98  _printf_dec.o(.text)
    __printf                                 0x0800360d   Thumb Code   286  __printf_wp.o(.text)
    strlen                                   0x0800372b   Thumb Code    62  strlen.o(.text)
    __aeabi_memcpy                           0x08003769   Thumb Code     0  rt_memcpy_v6.o(.text)
    __rt_memcpy                              0x08003769   Thumb Code   138  rt_memcpy_v6.o(.text)
    _memcpy_lastbytes                        0x080037cf   Thumb Code     0  rt_memcpy_v6.o(.text)
    __aeabi_memcpy4                          0x080037f3   Thumb Code     0  rt_memcpy_w.o(.text)
    __aeabi_memcpy8                          0x080037f3   Thumb Code     0  rt_memcpy_w.o(.text)
    __rt_memcpy_w                            0x080037f3   Thumb Code   100  rt_memcpy_w.o(.text)
    _memcpy_lastbytes_aligned                0x0800383b   Thumb Code     0  rt_memcpy_w.o(.text)
    __use_two_region_memory                  0x08003857   Thumb Code     2  heapauxi.o(.text)
    __rt_heap_escrow                         0x08003859   Thumb Code     2  heapauxi.o(.text)
    __rt_heap_expand                         0x0800385b   Thumb Code     2  heapauxi.o(.text)
    __cpp_initialize__aeabi_                 0x0800385d   Thumb Code    26  init_aeabi.o(.text)
    __rt_heap_descriptor                     0x08003881   Thumb Code    12  rt_heap_descriptor_intlibspace.o(.text)
    __use_no_heap                            0x0800388d   Thumb Code     2  hguard.o(.text)
    __heap$guard                             0x0800388f   Thumb Code     2  hguard.o(.text)
    _terminate_user_alloc                    0x08003891   Thumb Code     2  init_alloc.o(.text)
    _init_user_alloc                         0x08003893   Thumb Code     2  init_alloc.o(.text)
    __Heap_Full                              0x08003895   Thumb Code    34  init_alloc.o(.text)
    __Heap_Broken                            0x080038b7   Thumb Code     6  init_alloc.o(.text)
    _init_alloc                              0x080038bd   Thumb Code    94  init_alloc.o(.text)
    malloc                                   0x0800391b   Thumb Code   100  h1_alloc.o(.text)
    free                                     0x0800397f   Thumb Code    78  h1_free.o(.text)
    __read_errno                             0x080039cd   Thumb Code    10  _rserrno.o(.text)
    __set_errno                              0x080039d7   Thumb Code    12  _rserrno.o(.text)
    _printf_int_common                       0x080039e3   Thumb Code   180  _printf_intcommon.o(.text)
    __lib_sel_fp_printf                      0x08003a97   Thumb Code     2  _printf_fp_dec.o(.text)
    _printf_fp_dec_real                      0x08003c3d   Thumb Code   616  _printf_fp_dec.o(.text)
    _printf_char_common                      0x08003eaf   Thumb Code    32  _printf_char_common.o(.text)
    _sputc                                   0x08003ed5   Thumb Code    10  _sputc.o(.text)
    __rt_udiv10                              0x08003edf   Thumb Code    16  rtudiv10.o(.text)
    __user_libspace                          0x08003ef1   Thumb Code     8  libspace.o(.text)
    __user_perproc_libspace                  0x08003ef1   Thumb Code     0  libspace.o(.text)
    __user_perthread_libspace                0x08003ef1   Thumb Code     0  libspace.o(.text)
    __rt_locale                              0x08003ef9   Thumb Code    12  rt_locale_intlibspace.o(.text)
    __aeabi_errno_addr                       0x08003f05   Thumb Code    12  rt_errno_addr_intlibspace.o(.text)
    __errno$intlibspace                      0x08003f05   Thumb Code     0  rt_errno_addr_intlibspace.o(.text)
    __rt_errno_addr$intlibspace              0x08003f05   Thumb Code     0  rt_errno_addr_intlibspace.o(.text)
    __Heap_Initialize                        0x08003f11   Thumb Code    10  h1_init.o(.text)
    __Heap_DescSize                          0x08003f1b   Thumb Code     4  h1_init.o(.text)
    __Heap_ProvideMemory                     0x08003f1f   Thumb Code    50  h1_extend.o(.text)
    _ll_udiv10                               0x08003f51   Thumb Code   138  lludiv10.o(.text)
    _printf_fp_infnan                        0x08003fdd   Thumb Code   108  _printf_fp_infnan.o(.text)
    _btod_etento                             0x08004059   Thumb Code   230  bigflt0.o(.text)
    __rt_SIGRTMEM                            0x08004145   Thumb Code    14  defsig_rtmem_outer.o(.text)
    __user_setup_stackheap                   0x08004153   Thumb Code    74  sys_stackheap_outer.o(.text)
    exit                                     0x0800419d   Thumb Code    12  exit.o(.text)
    __sig_exit                               0x080041a9   Thumb Code    10  defsig_exit.o(.text)
    __rt_SIGRTMEM_inner                      0x080041b5   Thumb Code    20  defsig_rtmem_inner.o(.text)
    strcmp                                   0x08004201   Thumb Code   128  strcmpv7m.o(.text)
    _sys_exit                                0x08004281   Thumb Code     8  sys_exit.o(.text)
    __I$use$semihosting                      0x0800428d   Thumb Code     0  use_no_semi.o(.text)
    __use_no_semihosting_swi                 0x0800428d   Thumb Code     2  use_no_semi.o(.text)
    __default_signal_display                 0x0800428f   Thumb Code    50  defsig_general.o(.text)
    _ttywrch                                 0x080042c1   Thumb Code    14  sys_wrch.o(.text)
    __rt_fp_status_addr                      0x080042d1   Thumb Code    12  rt_fp_status_addr_intlibspace.o(.text)
    _btod_d2e                                0x080042dd   Thumb Code    62  btod.o(CL$$btod_d2e)
    _d2e_denorm_low                          0x0800431b   Thumb Code    70  btod.o(CL$$btod_d2e_denorm_low)
    _d2e_norm_op1                            0x08004361   Thumb Code    96  btod.o(CL$$btod_d2e_norm_op1)
    __btod_div_common                        0x080043c1   Thumb Code   696  btod.o(CL$$btod_div_common)
    _e2e                                     0x080046f9   Thumb Code   198  btod.o(CL$$btod_e2e)
    _btod_ediv                               0x080047bf   Thumb Code    40  btod.o(CL$$btod_ediv)
    _btod_emul                               0x080047e7   Thumb Code    40  btod.o(CL$$btod_emul)
    __btod_mult_common                       0x0800480f   Thumb Code   580  btod.o(CL$$btod_mult_common)
    geometry_msgs::Quaternion::getMD5()      0x08004a55   Thumb Code     4  main.o(i._ZN13geometry_msgs10Quaternion6getMD5Ev)
    geometry_msgs::Quaternion::getType()     0x08004a7d   Thumb Code     4  main.o(i._ZN13geometry_msgs10Quaternion7getTypeEv)
    geometry_msgs::Twist::deserialize(unsigned char*) 0x08004a9d   Thumb Code    28  main.o(i._ZN13geometry_msgs5Twist11deserializeEPh)
    geometry_msgs::Twist::getMD5()           0x08004ab9   Thumb Code     4  main.o(i._ZN13geometry_msgs5Twist6getMD5Ev)
    geometry_msgs::Twist::getType()          0x08004ac1   Thumb Code     4  main.o(i._ZN13geometry_msgs5Twist7getTypeEv)
    geometry_msgs::Twist::Twist()            0x08004ac9   Thumb Code    12  main.o(i._ZN13geometry_msgs5TwistC1Ev)
    geometry_msgs::Twist::Twist__sub_object() 0x08004ac9   Thumb Code     0  main.o(i._ZN13geometry_msgs5TwistC1Ev)
    geometry_msgs::Vector3::deserialize(unsigned char*) 0x08004add   Thumb Code   246  main.o(i._ZN13geometry_msgs7Vector311deserializeEPh)
    geometry_msgs::Vector3::getMD5()         0x08004bd5   Thumb Code     4  main.o(i._ZN13geometry_msgs7Vector36getMD5Ev)
    geometry_msgs::Vector3::getType()        0x08004bfd   Thumb Code     4  main.o(i._ZN13geometry_msgs7Vector37getTypeEv)
    rosserial_msgs::RequestParamResponse::deserialize(unsigned char*) 0x08004c19   Thumb Code   236  main.o(i._ZN14rosserial_msgs20RequestParamResponse11deserializeEPh)
    rosserial_msgs::RequestParamResponse::getMD5() 0x08004d05   Thumb Code     4  main.o(i._ZN14rosserial_msgs20RequestParamResponse6getMD5Ev)
    rosserial_msgs::RequestParamResponse::getType() 0x08004d2d   Thumb Code     4  main.o(i._ZN14rosserial_msgs20RequestParamResponse7getTypeEv)
    rosserial_msgs::Log::getMD5()            0x08004d35   Thumb Code     4  main.o(i._ZN14rosserial_msgs3Log6getMD5Ev)
    rosserial_msgs::Log::getType()           0x08004d5d   Thumb Code     4  main.o(i._ZN14rosserial_msgs3Log7getTypeEv)
    rosserial_msgs::TopicInfo::getMD5()      0x08004d75   Thumb Code     4  main.o(i._ZN14rosserial_msgs9TopicInfo6getMD5Ev)
    rosserial_msgs::TopicInfo::getType()     0x08004d9d   Thumb Code     4  main.o(i._ZN14rosserial_msgs9TopicInfo7getTypeEv)
    ros::Time::Time()                        0x08004dbd   Thumb Code     8  main.o(i._ZN3ros4TimeC1Ev)
    ros::Time::Time__sub_object()            0x08004dbd   Thumb Code     0  main.o(i._ZN3ros4TimeC1Ev)
    ros::Publisher::publish(const ros::Msg*) 0x08004dc5   Thumb Code    12  main.o(i._ZN3ros9Publisher7publishEPKNS_3MsgE)
    std_msgs::Int8::getMD5()                 0x08004dd1   Thumb Code     4  main.o(i._ZN8std_msgs4Int86getMD5Ev)
    std_msgs::Int8::getType()                0x08004df9   Thumb Code     4  main.o(i._ZN8std_msgs4Int87getTypeEv)
    std_msgs::Time::deserialize(unsigned char*) 0x08004e0d   Thumb Code    62  main.o(i._ZN8std_msgs4Time11deserializeEPh)
    std_msgs::Time::getMD5()                 0x08004e4d   Thumb Code     4  main.o(i._ZN8std_msgs4Time6getMD5Ev)
    std_msgs::Time::getType()                0x08004e75   Thumb Code     4  main.o(i._ZN8std_msgs4Time7getTypeEv)
    std_msgs::Time::Time()                   0x08004e89   Thumb Code    14  main.o(i._ZN8std_msgs4TimeC1Ev)
    std_msgs::Time::Time__sub_object()       0x08004e89   Thumb Code     0  main.o(i._ZN8std_msgs4TimeC1Ev)
    std_msgs::String::getMD5()               0x08004e9d   Thumb Code     4  main.o(i._ZN8std_msgs6String6getMD5Ev)
    std_msgs::String::getType()              0x08004ec5   Thumb Code     4  main.o(i._ZN8std_msgs6String7getTypeEv)
    std_msgs::Float32::getMD5()              0x08004ed9   Thumb Code     4  main.o(i._ZN8std_msgs7Float326getMD5Ev)
    std_msgs::Float32::getType()             0x08004f01   Thumb Code     4  main.o(i._ZN8std_msgs7Float327getTypeEv)
    geometry_msgs::Quaternion::serialize(unsigned char*) const 0x08004f19   Thumb Code   260  main.o(i._ZNK13geometry_msgs10Quaternion9serializeEPh)
    geometry_msgs::Twist::serialize(unsigned char*) const 0x08005021   Thumb Code    28  main.o(i._ZNK13geometry_msgs5Twist9serializeEPh)
    geometry_msgs::Vector3::serialize(unsigned char*) const 0x0800503d   Thumb Code   198  main.o(i._ZNK13geometry_msgs7Vector39serializeEPh)
    rosserial_msgs::RequestParamResponse::serialize(unsigned char*) const 0x08005109   Thumb Code   188  main.o(i._ZNK14rosserial_msgs20RequestParamResponse9serializeEPh)
    rosserial_msgs::Log::serialize(unsigned char*) const 0x080051c5   Thumb Code    36  main.o(i._ZNK14rosserial_msgs3Log9serializeEPh)
    rosserial_msgs::TopicInfo::serialize(unsigned char*) const 0x080051e9   Thumb Code   118  main.o(i._ZNK14rosserial_msgs9TopicInfo9serializeEPh)
    std_msgs::Int8::serialize(unsigned char*) const 0x0800525f   Thumb Code     8  main.o(i._ZNK8std_msgs4Int89serializeEPh)
    std_msgs::Time::serialize(unsigned char*) const 0x08005267   Thumb Code    50  main.o(i._ZNK8std_msgs4Time9serializeEPh)
    std_msgs::String::serialize(unsigned char*) const 0x08005299   Thumb Code    30  main.o(i._ZNK8std_msgs6String9serializeEPh)
    std_msgs::Float32::serialize(unsigned char*) const 0x080052b7   Thumb Code    20  main.o(i._ZNK8std_msgs7Float329serializeEPh)
    __ARM_fpclassify                         0x080052cb   Thumb Code    40  fpclassify.o(i.__ARM_fpclassify)
    __ieee754_rem_pio2                       0x080052f5   Thumb Code   832  rred.o(i.__ieee754_rem_pio2)
    __kernel_cos                             0x0800567d   Thumb Code   230  cos_i.o(i.__kernel_cos)
    __kernel_poly                            0x08005779   Thumb Code   170  poly.o(i.__kernel_poly)
    __kernel_sin                             0x08005825   Thumb Code   226  sin_i.o(i.__kernel_sin)
    __mathlib_dbl_underflow                  0x08005915   Thumb Code    10  dunder.o(i.__mathlib_dbl_underflow)
    asin                                     0x08005925   Thumb Code   586  asin.o(i.asin)
    cos                                      0x08005ba5   Thumb Code   164  cos.o(i.cos)
    sin                                      0x08005c51   Thumb Code   166  sin.o(i.sin)
    sqrt                                     0x08005d01   Thumb Code    74  sqrt.o(i.sqrt)
    _get_lc_numeric                          0x08005d4d   Thumb Code    44  lc_numeric_c.o(locale$$code)
    ros::Subscriber<geometry_msgs::Twist>::getMsgType() 0x08005d79   Thumb Code     4  main.o(t._ZN3ros10SubscriberIN13geometry_msgs5TwistEE10getMsgTypeEv)
    ros::Subscriber<geometry_msgs::Twist>::getEndpointType() 0x08005d81   Thumb Code     4  main.o(t._ZN3ros10SubscriberIN13geometry_msgs5TwistEE15getEndpointTypeEv)
    ros::Subscriber<geometry_msgs::Twist>::callback(unsigned char*) 0x08005d85   Thumb Code    22  main.o(t._ZN3ros10SubscriberIN13geometry_msgs5TwistEE8callbackEPh)
    ros::Subscriber<geometry_msgs::Twist>::getMsgMD5() 0x08005d9b   Thumb Code     6  main.o(t._ZN3ros10SubscriberIN13geometry_msgs5TwistEE9getMsgMD5Ev)
    ros::NodeHandle_<STM32Hardware, (int)25, (int)25, (int)1024, (int)1024>::negotiateTopics() 0x08005da1   Thumb Code   174  main.o(t._ZN3ros11NodeHandle_I13STM32HardwareLi25ELi25ELi1024ELi1024EE15negotiateTopicsEv)
    ros::NodeHandle_<STM32Hardware, (int)25, (int)25, (int)1024, (int)1024>::requestSyncTime() 0x08005e55   Thumb Code    30  main.o(t._ZN3ros11NodeHandle_I13STM32HardwareLi25ELi25ELi1024ELi1024EE15requestSyncTimeEv)
    ros::NodeHandle_<STM32Hardware, (int)25, (int)25, (int)1024, (int)1024>::now() 0x08005e79   Thumb Code    62  main.o(t._ZN3ros11NodeHandle_I13STM32HardwareLi25ELi25ELi1024ELi1024EE3nowEv)
    ros::NodeHandle_<STM32Hardware, (int)25, (int)25, (int)1024, (int)1024>::publish(int, const ros::Msg*) 0x08005ebd   Thumb Code   204  main.o(t._ZN3ros11NodeHandle_I13STM32HardwareLi25ELi25ELi1024ELi1024EE7publishEiPKNS_3MsgE)
    ros::NodeHandle_<STM32Hardware, (int)25, (int)25, (int)1024, (int)1024>::spinOnce() 0x08005fc9   Thumb Code   586  main.o(t._ZN3ros11NodeHandle_I13STM32HardwareLi25ELi25ELi1024ELi1024EE8spinOnceEv)
    ros::NodeHandle_<STM32Hardware, (int)25, (int)25, (int)1024, (int)1024>::advertise(ros::Publisher&) 0x08006225   Thumb Code    40  main.o(t._ZN3ros11NodeHandle_I13STM32HardwareLi25ELi25ELi1024ELi1024EE9advertiseERNS_9PublisherE)
    __aeabi_d2f                              0x0800624d   Thumb Code     0  d2f.o(x$fpl$d2f)
    _d2f                                     0x0800624d   Thumb Code    98  d2f.o(x$fpl$d2f)
    __aeabi_dadd                             0x080062b1   Thumb Code     0  daddsub_clz.o(x$fpl$dadd)
    _dadd                                    0x080062b1   Thumb Code   328  daddsub_clz.o(x$fpl$dadd)
    __fpl_dcheck_NaN1                        0x080063fd   Thumb Code    10  dcheck1.o(x$fpl$dcheck1)
    __fpl_dcmp_Inf                           0x0800640d   Thumb Code    24  dcmpi.o(x$fpl$dcmpinf)
    __aeabi_ddiv                             0x08006425   Thumb Code     0  ddiv.o(x$fpl$ddiv)
    _ddiv                                    0x08006425   Thumb Code   552  ddiv.o(x$fpl$ddiv)
    __aeabi_d2iz                             0x080066d5   Thumb Code     0  dfix.o(x$fpl$dfix)
    _dfix                                    0x080066d5   Thumb Code    94  dfix.o(x$fpl$dfix)
    __aeabi_i2d                              0x08006733   Thumb Code     0  dflt_clz.o(x$fpl$dflt)
    _dflt                                    0x08006733   Thumb Code    46  dflt_clz.o(x$fpl$dflt)
    __aeabi_ui2d                             0x08006761   Thumb Code     0  dflt_clz.o(x$fpl$dfltu)
    _dfltu                                   0x08006761   Thumb Code    38  dflt_clz.o(x$fpl$dfltu)
    __aeabi_cdcmple                          0x08006789   Thumb Code     0  dleqf.o(x$fpl$dleqf)
    _dcmple                                  0x08006789   Thumb Code   120  dleqf.o(x$fpl$dleqf)
    __fpl_dcmple_InfNaN                      0x080067eb   Thumb Code     0  dleqf.o(x$fpl$dleqf)
    __aeabi_dmul                             0x08006801   Thumb Code     0  dmul.o(x$fpl$dmul)
    _dmul                                    0x08006801   Thumb Code   332  dmul.o(x$fpl$dmul)
    __fpl_dnaninf                            0x08006955   Thumb Code   156  dnaninf.o(x$fpl$dnaninf)
    __fpl_dretinf                            0x080069f1   Thumb Code    12  dretinf.o(x$fpl$dretinf)
    __aeabi_cdrcmple                         0x080069fd   Thumb Code     0  drleqf.o(x$fpl$drleqf)
    _drcmple                                 0x080069fd   Thumb Code   108  drleqf.o(x$fpl$drleqf)
    __aeabi_drsub                            0x08006a69   Thumb Code     0  daddsub_clz.o(x$fpl$drsb)
    _drsb                                    0x08006a69   Thumb Code    22  daddsub_clz.o(x$fpl$drsb)
    _dsqrt                                   0x08006a81   Thumb Code   456  dsqrt_noumaal.o(x$fpl$dsqrt)
    __aeabi_dsub                             0x08006c4d   Thumb Code     0  daddsub_clz.o(x$fpl$dsub)
    _dsub                                    0x08006c4d   Thumb Code   464  daddsub_clz.o(x$fpl$dsub)
    __aeabi_f2d                              0x08006e21   Thumb Code     0  f2d.o(x$fpl$f2d)
    _f2d                                     0x08006e21   Thumb Code    86  f2d.o(x$fpl$f2d)
    __aeabi_fdiv                             0x08006e79   Thumb Code     0  fdiv.o(x$fpl$fdiv)
    _fdiv                                    0x08006e79   Thumb Code   384  fdiv.o(x$fpl$fdiv)
    __fpl_fnaninf                            0x08006ffd   Thumb Code   140  fnaninf.o(x$fpl$fnaninf)
    _fp_init                                 0x08007089   Thumb Code    14  fpinit.o(x$fpl$fpinit)
    __fplib_config_pureend_doubles           0x08007095   Thumb Code     0  fpinit.o(x$fpl$fpinit)
    __fpl_fretinf                            0x08007097   Thumb Code    10  fretinf.o(x$fpl$fretinf)
    _printf_fp_dec                           0x080070a1   Thumb Code     4  printf1.o(x$fpl$printf1)
    __fpl_return_NaN                         0x080070a5   Thumb Code   100  retnan.o(x$fpl$retnan)
    __ARM_scalbn                             0x08007109   Thumb Code     0  scalbn.o(x$fpl$scalbn)
    scalbn                                   0x08007109   Thumb Code    96  scalbn.o(x$fpl$scalbn)
    __fpl_inf_scalbn                         0x08007167   Thumb Code     0  scalbn.o(x$fpl$scalbn)
    __fpl_cmpreturn                          0x08007169   Thumb Code    48  trapv.o(x$fpl$trapveneer)
    __I$use$fp                               0x08007199   Thumb Code     0  usenofp.o(x$fpl$usenofp)
    vtable for geometry_msgs::Quaternion     0x080073f4   Data          24  main.o(.constdata__ZTVN13geometry_msgs10QuaternionE)
    vtable for geometry_msgs::Twist          0x0800740c   Data          24  main.o(.constdata__ZTVN13geometry_msgs5TwistE)
    vtable for geometry_msgs::Vector3        0x08007424   Data          24  main.o(.constdata__ZTVN13geometry_msgs7Vector3E)
    vtable for rosserial_msgs::RequestParamResponse 0x0800743c   Data          24  main.o(.constdata__ZTVN14rosserial_msgs20RequestParamResponseE)
    vtable for rosserial_msgs::Log           0x08007454   Data          24  main.o(.constdata__ZTVN14rosserial_msgs3LogE)
    vtable for rosserial_msgs::TopicInfo     0x0800746c   Data          24  main.o(.constdata__ZTVN14rosserial_msgs9TopicInfoE)
    vtable for ros::Subscriber<geometry_msgs::Twist> 0x08007484   Data          24  main.o(.constdata__ZTVN3ros10SubscriberIN13geometry_msgs5TwistEEE)
    vtable for ros::NodeHandle_<STM32Hardware, (int)25, (int)25, (int)1024, (int)1024> 0x0800749c   Data          20  main.o(.constdata__ZTVN3ros11NodeHandle_I13STM32HardwareLi25ELi25ELi1024ELi1024EEE)
    vtable for std_msgs::Int8                0x080074b0   Data          24  main.o(.constdata__ZTVN8std_msgs4Int8E)
    vtable for std_msgs::Time                0x080074c8   Data          24  main.o(.constdata__ZTVN8std_msgs4TimeE)
    vtable for std_msgs::String              0x080074e0   Data          24  main.o(.constdata__ZTVN8std_msgs6StringE)
    vtable for std_msgs::Float32             0x080074f8   Data          24  main.o(.constdata__ZTVN8std_msgs7Float32E)
    Region$$Table$$Base                      0x08007510   Number         0  anon$$obj.o(Region$$Table)
    Region$$Table$$Limit                     0x08007530   Number         0  anon$$obj.o(Region$$Table)
    SHT$$INIT_ARRAY$$Base                    0x0800754c   Number         0  main.o(.init_array)
    SHT$$INIT_ARRAY$$Limit                   0x08007550   Number         0  main.o(.init_array)
    no_msg_counter                           0x20000000   Data           2  main.o(.data)
    cmd_linear_x                             0x20000004   Data           4  main.o(.data)
    cmd_angular_z                            0x20000008   Data           4  main.o(.data)
    rurn_ratio                               0x20000018   Data           8  main.o(.data)
    msg1                                     0x20000038   Data           8  main.o(.data)
    msg_infra                                0x20000040   Data           8  main.o(.data)
    msg_sonar                                0x20000048   Data           8  main.o(.data)
    msg_gps_position_e                       0x20000050   Data           8  main.o(.data)
    msg_gps_position_n                       0x20000058   Data           8  main.o(.data)
    msg_gps_position_u                       0x20000060   Data           8  main.o(.data)
    msg_gps_position_head                    0x20000068   Data           8  main.o(.data)
    msg_gps_rtk_state                        0x20000070   Data           8  main.o(.data)
    msg_alf001                               0x20000078   Data           8  main.o(.data)
    msg_smw100                               0x20000080   Data           8  main.o(.data)
    current_time                             0x20000088   Data           8  main.o(.data)
    last_time                                0x20000090   Data           8  main.o(.data)
    timer_speed_adj                          0x20000098   Data           8  main.o(.data)
    timer_no_msg                             0x200000a0   Data           8  main.o(.data)
    timer_show_dbug_msg                      0x200000a8   Data           8  main.o(.data)
    timer_show_odom_msg                      0x200000b0   Data           8  main.o(.data)
    timer_no_gnss_data                       0x200000b8   Data           8  main.o(.data)
    timer_no_head_data                       0x200000c0   Data           8  main.o(.data)
    timer_no_alf001_data                     0x200000c8   Data           8  main.o(.data)
    timer_no_smw100_data                     0x200000d0   Data           8  main.o(.data)
    RX_Head                                  0x200000d8   Data           2  uart.o(.data)
    RX_Tail                                  0x200000da   Data           2  uart.o(.data)
    TX_Head                                  0x200000dc   Data           2  uart.o(.data)
    TX_Tail                                  0x200000de   Data           2  uart.o(.data)
    RX2_Head                                 0x200000e0   Data           2  uart.o(.data)
    RX2_Tail                                 0x200000e2   Data           2  uart.o(.data)
    RX3_Head                                 0x200000e4   Data           2  uart.o(.data)
    RX3_Tail                                 0x200000e6   Data           2  uart.o(.data)
    RX4_Head                                 0x200000e8   Data           2  uart.o(.data)
    RX4_Tail                                 0x200000ea   Data           2  uart.o(.data)
    RX5_Head                                 0x200000ec   Data           2  uart.o(.data)
    RX5_Tail                                 0x200000ee   Data           2  uart.o(.data)
    w_speed_counter                          0x200000f0   Data           4  motor_driver.o(.data)
    w_state                                  0x200000f4   Data           1  motor_driver.o(.data)
    target_head_data                         0x200000f6   Data           2  head_driver.o(.data)
    head_data                                0x200000fc   Data           2  head_sensor.o(.data)
    sys_tick_1ms                             0x20000108   Data           2  timer.o(.data)
    sys_timer_1ms                            0x2000010c   Data           4  timer.o(.data)
    imu_smw100                               0x20000124   Data           8  imu.o(.data)
    SystemCoreClock                          0x20000148   Data           4  system_stm32f10x.o(.data)
    AHBPrescTable                            0x2000014c   Data          16  system_stm32f10x.o(.data)
    msg_twist                                0x2000015c   Data          36  main.o(.bss)
    nh                                       0x20000180   Data        2348  main.o(.bss)
    cmd_sub                                  0x20000aac   Data          56  main.o(.bss)
    debug_pub                                0x20000ae4   Data          20  main.o(.bss)
    infra_pub                                0x20000af8   Data          20  main.o(.bss)
    sonar_pub                                0x20000b0c   Data          20  main.o(.bss)
    gps_position_e_pub                       0x20000b20   Data          20  main.o(.bss)
    gps_position_n_pub                       0x20000b34   Data          20  main.o(.bss)
    gps_position_u_pub                       0x20000b48   Data          20  main.o(.bss)
    gps_position_head_pub                    0x20000b5c   Data          20  main.o(.bss)
    gps_rtk_state_pub                        0x20000b70   Data          20  main.o(.bss)
    alf001_pub                               0x20000b84   Data          20  main.o(.bss)
    smw100_pub                               0x20000b98   Data          20  main.o(.bss)
    twist_pub                                0x20000bac   Data          20  main.o(.bss)
    sys_movedate                             0x20000bc0   Data          12  global.o(.bss)
    RX                                       0x20000bcc   Data        1024  uart.o(.bss)
    TX                                       0x20000fcc   Data        1024  uart.o(.bss)
    RX2                                      0x200013cc   Data         100  uart.o(.bss)
    RX3                                      0x20001430   Data         100  uart.o(.bss)
    RX4                                      0x20001494   Data         100  uart.o(.bss)
    RX5                                      0x200014f8   Data        1024  uart.o(.bss)
    gnss_packge                              0x2000196c   Data         116  rtk_packge.o(.bss)
    imu_alf001                               0x200019ef   Data          15  imu.o(.bss)
    __libspace_start                         0x20001a00   Data          96  libspace.o(.bss)
    __temporary_stack_top$libspace           0x20001a60   Data           0  libspace.o(.bss)



==============================================================================

Memory Map of the image

  Image Entry point : 0x08000151

  Load Region LR_IROM1 (Base: 0x08000000, Size: 0x000076ac, Max: 0x00040000, ABSOLUTE, COMPRESSED[0x00007584])

    Execution Region ER_IROM1 (Base: 0x08000000, Size: 0x00007550, Max: 0x00040000, ABSOLUTE)

    Base Addr    Size         Type   Attr      Idx    E Section Name        Object

    0x08000000   0x00000150   Data   RO         1171    RESET               startup_stm32f10x_cl.o
    0x08000150   0x00000008   Code   RO         1343  * !!!main             c_w.l(__main.o)(c_w.l)
    0x08000158   0x00000034   Code   RO         1889    !!!scatter          c_w.l(__scatter.o)(c_w.l)
    0x0800018c   0x0000005a   Code   RO         1887    !!dczerorl2         c_w.l(__dczerorl2.o)(c_w.l)
    0x080001e6   0x00000002   PAD
    0x080001e8   0x0000001c   Code   RO         1891    !!handler_zi        c_w.l(__scatter_zi.o)(c_w.l)
    0x08000204   0x00000000   Code   RO         1334    .ARM.Collect$$_printf_percent$$00000000  c_w.l(_printf_percent.o)(c_w.l)
    0x08000204   0x00000006   Code   RO         1333    .ARM.Collect$$_printf_percent$$00000003  c_w.l(_printf_f.o)(c_w.l)
    0x0800020a   0x00000006   Code   RO         1332    .ARM.Collect$$_printf_percent$$00000009  c_w.l(_printf_d.o)(c_w.l)
    0x08000210   0x00000004   Code   RO         1594    .ARM.Collect$$_printf_percent$$00000017  c_w.l(_printf_percent_end.o)(c_w.l)
    0x08000214   0x00000006   Code   RO         1815    .ARM.Collect$$libinit$$00000000  c_w.l(libinit.o)(c_w.l)
    0x0800021a   0x00000008   Code   RO         1597    .ARM.Collect$$libinit$$00000001  c_w.l(libinit2.o)(c_w.l)
    0x08000222   0x00000000   Code   RO         1599    .ARM.Collect$$libinit$$00000006  c_w.l(libinit2.o)(c_w.l)
    0x08000222   0x00000000   Code   RO         1601    .ARM.Collect$$libinit$$00000008  c_w.l(libinit2.o)(c_w.l)
    0x08000222   0x00000000   Code   RO         1603    .ARM.Collect$$libinit$$0000000A  c_w.l(libinit2.o)(c_w.l)
    0x08000222   0x00000006   Code   RO         1604    .ARM.Collect$$libinit$$0000000B  c_w.l(libinit2.o)(c_w.l)
    0x08000228   0x00000000   Code   RO         1606    .ARM.Collect$$libinit$$0000000D  c_w.l(libinit2.o)(c_w.l)
    0x08000228   0x00000000   Code   RO         1608    .ARM.Collect$$libinit$$0000000F  c_w.l(libinit2.o)(c_w.l)
    0x08000228   0x00000000   Code   RO         1610    .ARM.Collect$$libinit$$00000011  c_w.l(libinit2.o)(c_w.l)
    0x08000228   0x0000000a   Code   RO         1611    .ARM.Collect$$libinit$$00000012  c_w.l(libinit2.o)(c_w.l)
    0x08000232   0x00000000   Code   RO         1612    .ARM.Collect$$libinit$$00000013  c_w.l(libinit2.o)(c_w.l)
    0x08000232   0x00000000   Code   RO         1614    .ARM.Collect$$libinit$$00000015  c_w.l(libinit2.o)(c_w.l)
    0x08000232   0x00000000   Code   RO         1616    .ARM.Collect$$libinit$$00000017  c_w.l(libinit2.o)(c_w.l)
    0x08000232   0x00000000   Code   RO         1618    .ARM.Collect$$libinit$$00000019  c_w.l(libinit2.o)(c_w.l)
    0x08000232   0x00000000   Code   RO         1620    .ARM.Collect$$libinit$$0000001B  c_w.l(libinit2.o)(c_w.l)
    0x08000232   0x00000000   Code   RO         1622    .ARM.Collect$$libinit$$0000001D  c_w.l(libinit2.o)(c_w.l)
    0x08000232   0x00000000   Code   RO         1624    .ARM.Collect$$libinit$$0000001F  c_w.l(libinit2.o)(c_w.l)
    0x08000232   0x00000000   Code   RO         1626    .ARM.Collect$$libinit$$00000021  c_w.l(libinit2.o)(c_w.l)
    0x08000232   0x00000000   Code   RO         1630    .ARM.Collect$$libinit$$00000028  c_w.l(libinit2.o)(c_w.l)
    0x08000232   0x00000000   Code   RO         1632    .ARM.Collect$$libinit$$0000002A  c_w.l(libinit2.o)(c_w.l)
    0x08000232   0x00000000   Code   RO         1634    .ARM.Collect$$libinit$$0000002C  c_w.l(libinit2.o)(c_w.l)
    0x08000232   0x00000004   Code   RO         1635    .ARM.Collect$$libinit$$0000002D  c_w.l(libinit2.o)(c_w.l)
    0x08000236   0x00000000   Code   RO         1636    .ARM.Collect$$libinit$$0000002E  c_w.l(libinit2.o)(c_w.l)
    0x08000236   0x00000002   Code   RO         1637    .ARM.Collect$$libinit$$0000002F  c_w.l(libinit2.o)(c_w.l)
    0x08000238   0x00000002   Code   RO         1884    .ARM.Collect$$libshutdown$$00000000  c_w.l(libshutdown.o)(c_w.l)
    0x0800023a   0x00000000   Code   RO         1834    .ARM.Collect$$libshutdown$$00000003  c_w.l(libshutdown2.o)(c_w.l)
    0x0800023a   0x00000000   Code   RO         1837    .ARM.Collect$$libshutdown$$00000006  c_w.l(libshutdown2.o)(c_w.l)
    0x0800023a   0x00000000   Code   RO         1840    .ARM.Collect$$libshutdown$$00000009  c_w.l(libshutdown2.o)(c_w.l)
    0x0800023a   0x00000000   Code   RO         1842    .ARM.Collect$$libshutdown$$0000000B  c_w.l(libshutdown2.o)(c_w.l)
    0x0800023a   0x00000000   Code   RO         1845    .ARM.Collect$$libshutdown$$0000000E  c_w.l(libshutdown2.o)(c_w.l)
    0x0800023a   0x00000002   Code   RO         1846    .ARM.Collect$$libshutdown$$0000000F  c_w.l(libshutdown2.o)(c_w.l)
    0x0800023c   0x00000000   Code   RO         1549    .ARM.Collect$$rtentry$$00000000  c_w.l(rtentry.o)(c_w.l)
    0x0800023c   0x00000000   Code   RO         1697    .ARM.Collect$$rtentry$$00000002  c_w.l(rtentry2.o)(c_w.l)
    0x0800023c   0x00000006   Code   RO         1712    .ARM.Collect$$rtentry$$00000004  c_w.l(rtentry4.o)(c_w.l)
    0x08000242   0x00000000   Code   RO         1699    .ARM.Collect$$rtentry$$00000009  c_w.l(rtentry2.o)(c_w.l)
    0x08000242   0x00000004   Code   RO         1700    .ARM.Collect$$rtentry$$0000000A  c_w.l(rtentry2.o)(c_w.l)
    0x08000246   0x00000000   Code   RO         1702    .ARM.Collect$$rtentry$$0000000C  c_w.l(rtentry2.o)(c_w.l)
    0x08000246   0x00000008   Code   RO         1703    .ARM.Collect$$rtentry$$0000000D  c_w.l(rtentry2.o)(c_w.l)
    0x0800024e   0x00000002   Code   RO         1822    .ARM.Collect$$rtexit$$00000000  c_w.l(rtexit.o)(c_w.l)
    0x08000250   0x00000000   Code   RO         1852    .ARM.Collect$$rtexit$$00000002  c_w.l(rtexit2.o)(c_w.l)
    0x08000250   0x00000004   Code   RO         1853    .ARM.Collect$$rtexit$$00000003  c_w.l(rtexit2.o)(c_w.l)
    0x08000254   0x00000006   Code   RO         1854    .ARM.Collect$$rtexit$$00000004  c_w.l(rtexit2.o)(c_w.l)
    0x0800025a   0x00000002   PAD
    0x0800025c   0x00000000   Code   RO         1724    .emb_text           c_w.l(maybetermalloc1.o)(c_w.l)
    0x0800025c   0x000000b8   Code   RO            1    .text               hardware_init.o
    0x08000314   0x00000a54   Code   RO          155    .text               main.o
    0x08000d68   0x0000021c   Code   RO          722    .text               stm32f10x_it.o
    0x08000f84   0x00000020   Code   RO          768    .text               global.o
    0x08000fa4   0x0000004a   Code   RO          793    .text               io_config.o
    0x08000fee   0x00000002   PAD
    0x08000ff0   0x00000718   Code   RO          806    .text               uart.o
    0x08001708   0x00000278   Code   RO          869    .text               motor_driver.o
    0x08001980   0x00000070   Code   RO          890    .text               head_driver.o
    0x080019f0   0x00000074   Code   RO          910    .text               head_sensor.o
    0x08001a64   0x000000f8   Code   RO          930    .text               timer.o
    0x08001b5c   0x000000ac   Code   RO          955    .text               rtk_packge.o
    0x08001c08   0x00000120   Code   RO          978    .text               imu.o
    0x08001d28   0x00000370   Code   RO         1000    .text               stm32f10x_rcc.o
    0x08002098   0x00000268   Code   RO         1015    .text               stm32f10x_gpio.o
    0x08002300   0x000000b4   Code   RO         1028    .text               misc.o
    0x080023b4   0x000000f4   Code   RO         1041    .text               stm32f10x_exti.o
    0x080024a8   0x00000330   Code   RO         1054    .text               stm32f10x_usart.o
    0x080027d8   0x00000a74   Code   RO         1093    .text               stm32f10x_tim.o
    0x0800324c   0x000001a8   Code   RO         1131    .text               system_stm32f10x.o
    0x080033f4   0x00000040   Code   RO         1172    .text               startup_stm32f10x_cl.o
    0x08003434   0x0000007c   Code   RO         1196    .text               time.o
    0x080034b0   0x000000be   Code   RO         1252    .text               c_w.l(h1_realloc.o)(c_w.l)
    0x0800356e   0x00000002   PAD
    0x08003570   0x00000028   Code   RO         1308    .text               c_w.l(noretval__2sprintf.o)(c_w.l)
    0x08003598   0x00000074   Code   RO         1312    .text               c_w.l(_printf_dec.o)(c_w.l)
    0x0800360c   0x0000011e   Code   RO         1322    .text               c_w.l(__printf_wp.o)(c_w.l)
    0x0800372a   0x0000003e   Code   RO         1335    .text               c_w.l(strlen.o)(c_w.l)
    0x08003768   0x0000008a   Code   RO         1337    .text               c_w.l(rt_memcpy_v6.o)(c_w.l)
    0x080037f2   0x00000064   Code   RO         1339    .text               c_w.l(rt_memcpy_w.o)(c_w.l)
    0x08003856   0x00000006   Code   RO         1341    .text               c_w.l(heapauxi.o)(c_w.l)
    0x0800385c   0x00000024   Code   RO         1350    .text               c_w.l(init_aeabi.o)(c_w.l)
    0x08003880   0x0000000c   Code   RO         1554    .text               c_w.l(rt_heap_descriptor_intlibspace.o)(c_w.l)
    0x0800388c   0x00000004   Code   RO         1556    .text               c_w.l(hguard.o)(c_w.l)
    0x08003890   0x0000008a   Code   RO         1558    .text               c_w.l(init_alloc.o)(c_w.l)
    0x0800391a   0x00000064   Code   RO         1566    .text               c_w.l(h1_alloc.o)(c_w.l)
    0x0800397e   0x0000004e   Code   RO         1568    .text               c_w.l(h1_free.o)(c_w.l)
    0x080039cc   0x00000016   Code   RO         1584    .text               c_w.l(_rserrno.o)(c_w.l)
    0x080039e2   0x000000b4   Code   RO         1586    .text               c_w.l(_printf_intcommon.o)(c_w.l)
    0x08003a96   0x0000040e   Code   RO         1588    .text               c_w.l(_printf_fp_dec.o)(c_w.l)
    0x08003ea4   0x00000030   Code   RO         1590    .text               c_w.l(_printf_char_common.o)(c_w.l)
    0x08003ed4   0x0000000a   Code   RO         1592    .text               c_w.l(_sputc.o)(c_w.l)
    0x08003ede   0x00000010   Code   RO         1595    .text               c_w.l(rtudiv10.o)(c_w.l)
    0x08003eee   0x00000002   PAD
    0x08003ef0   0x00000008   Code   RO         1693    .text               c_w.l(libspace.o)(c_w.l)
    0x08003ef8   0x0000000c   Code   RO         1717    .text               c_w.l(rt_locale_intlibspace.o)(c_w.l)
    0x08003f04   0x0000000c   Code   RO         1722    .text               c_w.l(rt_errno_addr_intlibspace.o)(c_w.l)
    0x08003f10   0x0000000e   Code   RO         1728    .text               c_w.l(h1_init.o)(c_w.l)
    0x08003f1e   0x00000032   Code   RO         1730    .text               c_w.l(h1_extend.o)(c_w.l)
    0x08003f50   0x0000008a   Code   RO         1736    .text               c_w.l(lludiv10.o)(c_w.l)
    0x08003fda   0x00000002   PAD
    0x08003fdc   0x0000007c   Code   RO         1738    .text               c_w.l(_printf_fp_infnan.o)(c_w.l)
    0x08004058   0x000000ec   Code   RO         1742    .text               c_w.l(bigflt0.o)(c_w.l)
    0x08004144   0x0000000e   Code   RO         1770    .text               c_w.l(defsig_rtmem_outer.o)(c_w.l)
    0x08004152   0x0000004a   Code   RO         1789    .text               c_w.l(sys_stackheap_outer.o)(c_w.l)
    0x0800419c   0x0000000c   Code   RO         1797    .text               c_w.l(exit.o)(c_w.l)
    0x080041a8   0x0000000a   Code   RO         1799    .text               c_w.l(defsig_exit.o)(c_w.l)
    0x080041b2   0x00000002   PAD
    0x080041b4   0x0000004c   Code   RO         1801    .text               c_w.l(defsig_rtmem_inner.o)(c_w.l)
    0x08004200   0x00000080   Code   RO         1803    .text               c_w.l(strcmpv7m.o)(c_w.l)
    0x08004280   0x0000000c   Code   RO         1818    .text               c_w.l(sys_exit.o)(c_w.l)
    0x0800428c   0x00000002   Code   RO         1820    .text               c_w.l(use_no_semi.o)(c_w.l)
    0x0800428e   0x00000032   Code   RO         1830    .text               c_w.l(defsig_general.o)(c_w.l)
    0x080042c0   0x0000000e   Code   RO         1849    .text               c_w.l(sys_wrch.o)(c_w.l)
    0x080042ce   0x00000002   PAD
    0x080042d0   0x0000000c   Code   RO         1862    .text               c_w.l(rt_fp_status_addr_intlibspace.o)(c_w.l)
    0x080042dc   0x0000003e   Code   RO         1745    CL$$btod_d2e        c_w.l(btod.o)(c_w.l)
    0x0800431a   0x00000046   Code   RO         1747    CL$$btod_d2e_denorm_low  c_w.l(btod.o)(c_w.l)
    0x08004360   0x00000060   Code   RO         1746    CL$$btod_d2e_norm_op1  c_w.l(btod.o)(c_w.l)
    0x080043c0   0x00000338   Code   RO         1755    CL$$btod_div_common  c_w.l(btod.o)(c_w.l)
    0x080046f8   0x000000c6   Code   RO         1752    CL$$btod_e2e        c_w.l(btod.o)(c_w.l)
    0x080047be   0x00000028   Code   RO         1749    CL$$btod_ediv       c_w.l(btod.o)(c_w.l)
    0x080047e6   0x00000028   Code   RO         1748    CL$$btod_emul       c_w.l(btod.o)(c_w.l)
    0x0800480e   0x00000244   Code   RO         1754    CL$$btod_mult_common  c_w.l(btod.o)(c_w.l)
    0x08004a52   0x00000002   PAD
    0x08004a54   0x00000028   Code   RO          520    i._ZN13geometry_msgs10Quaternion6getMD5Ev  main.o
    0x08004a7c   0x00000020   Code   RO          514    i._ZN13geometry_msgs10Quaternion7getTypeEv  main.o
    0x08004a9c   0x0000001c   Code   RO          310    i._ZN13geometry_msgs5Twist11deserializeEPh  main.o
    0x08004ab8   0x00000008   Code   RO          334    i._ZN13geometry_msgs5Twist6getMD5Ev  main.o
    0x08004ac0   0x00000008   Code   RO          322    i._ZN13geometry_msgs5Twist7getTypeEv  main.o
    0x08004ac8   0x00000014   Code   RO          238    i._ZN13geometry_msgs5TwistC1Ev  main.o
    0x08004adc   0x000000f6   Code   RO          196    i._ZN13geometry_msgs7Vector311deserializeEPh  main.o
    0x08004bd2   0x00000002   PAD
    0x08004bd4   0x00000028   Code   RO          490    i._ZN13geometry_msgs7Vector36getMD5Ev  main.o
    0x08004bfc   0x0000001c   Code   RO          484    i._ZN13geometry_msgs7Vector37getTypeEv  main.o
    0x08004c18   0x000000ec   Code   RO          177    i._ZN14rosserial_msgs20RequestParamResponse11deserializeEPh  main.o
    0x08004d04   0x00000028   Code   RO          478    i._ZN14rosserial_msgs20RequestParamResponse6getMD5Ev  main.o
    0x08004d2c   0x00000008   Code   RO          472    i._ZN14rosserial_msgs20RequestParamResponse7getTypeEv  main.o
    0x08004d34   0x00000028   Code   RO          548    i._ZN14rosserial_msgs3Log6getMD5Ev  main.o
    0x08004d5c   0x00000018   Code   RO          542    i._ZN14rosserial_msgs3Log7getTypeEv  main.o
    0x08004d74   0x00000028   Code   RO          460    i._ZN14rosserial_msgs9TopicInfo6getMD5Ev  main.o
    0x08004d9c   0x00000020   Code   RO          454    i._ZN14rosserial_msgs9TopicInfo7getTypeEv  main.o
    0x08004dbc   0x00000008   Code   RO          241    i._ZN3ros4TimeC1Ev  main.o
    0x08004dc4   0x0000000c   Code   RO          208    i._ZN3ros9Publisher7publishEPKNS_3MsgE  main.o
    0x08004dd0   0x00000028   Code   RO          436    i._ZN8std_msgs4Int86getMD5Ev  main.o
    0x08004df8   0x00000014   Code   RO          430    i._ZN8std_msgs4Int87getTypeEv  main.o
    0x08004e0c   0x0000003e   Code   RO          183    i._ZN8std_msgs4Time11deserializeEPh  main.o
    0x08004e4a   0x00000002   PAD
    0x08004e4c   0x00000028   Code   RO          364    i._ZN8std_msgs4Time6getMD5Ev  main.o
    0x08004e74   0x00000014   Code   RO          358    i._ZN8std_msgs4Time7getTypeEv  main.o
    0x08004e88   0x00000014   Code   RO          221    i._ZN8std_msgs4TimeC1Ev  main.o
    0x08004e9c   0x00000028   Code   RO          388    i._ZN8std_msgs6String6getMD5Ev  main.o
    0x08004ec4   0x00000014   Code   RO          382    i._ZN8std_msgs6String7getTypeEv  main.o
    0x08004ed8   0x00000028   Code   RO          412    i._ZN8std_msgs7Float326getMD5Ev  main.o
    0x08004f00   0x00000018   Code   RO          406    i._ZN8std_msgs7Float327getTypeEv  main.o
    0x08004f18   0x00000108   Code   RO          502    i._ZNK13geometry_msgs10Quaternion9serializeEPh  main.o
    0x08005020   0x0000001c   Code   RO          496    i._ZNK13geometry_msgs5Twist9serializeEPh  main.o
    0x0800503c   0x000000cc   Code   RO          202    i._ZNK13geometry_msgs7Vector39serializeEPh  main.o
    0x08005108   0x000000bc   Code   RO          466    i._ZNK14rosserial_msgs20RequestParamResponse9serializeEPh  main.o
    0x080051c4   0x00000024   Code   RO          530    i._ZNK14rosserial_msgs3Log9serializeEPh  main.o
    0x080051e8   0x00000076   Code   RO          442    i._ZNK14rosserial_msgs9TopicInfo9serializeEPh  main.o
    0x0800525e   0x00000008   Code   RO          418    i._ZNK8std_msgs4Int89serializeEPh  main.o
    0x08005266   0x00000032   Code   RO          352    i._ZNK8std_msgs4Time9serializeEPh  main.o
    0x08005298   0x0000001e   Code   RO          370    i._ZNK8std_msgs6String9serializeEPh  main.o
    0x080052b6   0x00000014   Code   RO          394    i._ZNK8std_msgs7Float329serializeEPh  main.o
    0x080052ca   0x00000028   Code   RO         1670    i.__ARM_fpclassify  m_ws.l(fpclassify.o)(m_ws.l)
    0x080052f2   0x00000002   PAD
    0x080052f4   0x00000388   Code   RO         1674    i.__ieee754_rem_pio2  m_ws.l(rred.o)(m_ws.l)
    0x0800567c   0x000000fc   Code   RO         1665    i.__kernel_cos      m_ws.l(cos_i.o)(m_ws.l)
    0x08005778   0x000000aa   Code   RO         1672    i.__kernel_poly     m_ws.l(poly.o)(m_ws.l)
    0x08005822   0x00000002   PAD
    0x08005824   0x000000f0   Code   RO         1679    i.__kernel_sin      m_ws.l(sin_i.o)(m_ws.l)
    0x08005914   0x00000010   Code   RO         1668    i.__mathlib_dbl_underflow  m_ws.l(dunder.o)(m_ws.l)
    0x08005924   0x00000280   Code   RO         1522    i.asin              m_ws.l(asin.o)(m_ws.l)
    0x08005ba4   0x000000ac   Code   RO         1532    i.cos               m_ws.l(cos.o)(m_ws.l)
    0x08005c50   0x000000b0   Code   RO         1540    i.sin               m_ws.l(sin.o)(m_ws.l)
    0x08005d00   0x0000004a   Code   RO         1686    i.sqrt              m_ws.l(sqrt.o)(m_ws.l)
    0x08005d4a   0x00000002   PAD
    0x08005d4c   0x0000002c   Code   RO         1768    locale$$code        c_w.l(lc_numeric_c.o)(c_w.l)
    0x08005d78   0x00000008   Code   RO          328    t._ZN3ros10SubscriberIN13geometry_msgs5TwistEE10getMsgTypeEv  main.o
    0x08005d80   0x00000004   Code   RO          346    t._ZN3ros10SubscriberIN13geometry_msgs5TwistEE15getEndpointTypeEv  main.o
    0x08005d84   0x00000016   Code   RO          316    t._ZN3ros10SubscriberIN13geometry_msgs5TwistEE8callbackEPh  main.o
    0x08005d9a   0x00000006   Code   RO          340    t._ZN3ros10SubscriberIN13geometry_msgs5TwistEE9getMsgMD5Ev  main.o
    0x08005da0   0x000000b4   Code   RO          231    t._ZN3ros11NodeHandle_I13STM32HardwareLi25ELi25ELi1024ELi1024EE15negotiateTopicsEv  main.o
    0x08005e54   0x00000024   Code   RO          224    t._ZN3ros11NodeHandle_I13STM32HardwareLi25ELi25ELi1024ELi1024EE15requestSyncTimeEv  main.o
    0x08005e78   0x00000044   Code   RO          171    t._ZN3ros11NodeHandle_I13STM32HardwareLi25ELi25ELi1024ELi1024EE3nowEv  main.o
    0x08005ebc   0x0000010c   Code   RO          303    t._ZN3ros11NodeHandle_I13STM32HardwareLi25ELi25ELi1024ELi1024EE7publishEiPKNS_3MsgE  main.o
    0x08005fc8   0x0000025c   Code   RO          189    t._ZN3ros11NodeHandle_I13STM32HardwareLi25ELi25ELi1024ELi1024EE8spinOnceEv  main.o
    0x08006224   0x00000028   Code   RO          215    t._ZN3ros11NodeHandle_I13STM32HardwareLi25ELi25ELi1024ELi1024EE9advertiseERNS_9PublisherE  main.o
    0x0800624c   0x00000062   Code   RO         1455    x$fpl$d2f           fz_ws.l(d2f.o)(fz_ws.l)
    0x080062ae   0x00000002   PAD
    0x080062b0   0x0000014c   Code   RO         1457    x$fpl$dadd          fz_ws.l(daddsub_clz.o)(fz_ws.l)
    0x080063fc   0x00000010   Code   RO         1648    x$fpl$dcheck1       fz_ws.l(dcheck1.o)(fz_ws.l)
    0x0800640c   0x00000018   Code   RO         1650    x$fpl$dcmpinf       fz_ws.l(dcmpi.o)(fz_ws.l)
    0x08006424   0x000002b0   Code   RO         1464    x$fpl$ddiv          fz_ws.l(ddiv.o)(fz_ws.l)
    0x080066d4   0x0000005e   Code   RO         1467    x$fpl$dfix          fz_ws.l(dfix.o)(fz_ws.l)
    0x08006732   0x0000002e   Code   RO         1472    x$fpl$dflt          fz_ws.l(dflt_clz.o)(fz_ws.l)
    0x08006760   0x00000026   Code   RO         1471    x$fpl$dfltu         fz_ws.l(dflt_clz.o)(fz_ws.l)
    0x08006786   0x00000002   PAD
    0x08006788   0x00000078   Code   RO         1477    x$fpl$dleqf         fz_ws.l(dleqf.o)(fz_ws.l)
    0x08006800   0x00000154   Code   RO         1479    x$fpl$dmul          fz_ws.l(dmul.o)(fz_ws.l)
    0x08006954   0x0000009c   Code   RO         1652    x$fpl$dnaninf       fz_ws.l(dnaninf.o)(fz_ws.l)
    0x080069f0   0x0000000c   Code   RO         1654    x$fpl$dretinf       fz_ws.l(dretinf.o)(fz_ws.l)
    0x080069fc   0x0000006c   Code   RO         1481    x$fpl$drleqf        fz_ws.l(drleqf.o)(fz_ws.l)
    0x08006a68   0x00000016   Code   RO         1458    x$fpl$drsb          fz_ws.l(daddsub_clz.o)(fz_ws.l)
    0x08006a7e   0x00000002   PAD
    0x08006a80   0x000001cc   Code   RO         1781    x$fpl$dsqrt         fz_ws.l(dsqrt_noumaal.o)(fz_ws.l)
    0x08006c4c   0x000001d4   Code   RO         1459    x$fpl$dsub          fz_ws.l(daddsub_clz.o)(fz_ws.l)
    0x08006e20   0x00000056   Code   RO         1483    x$fpl$f2d           fz_ws.l(f2d.o)(fz_ws.l)
    0x08006e76   0x00000002   PAD
    0x08006e78   0x00000184   Code   RO         1492    x$fpl$fdiv          fz_ws.l(fdiv.o)(fz_ws.l)
    0x08006ffc   0x0000008c   Code   RO         1660    x$fpl$fnaninf       fz_ws.l(fnaninf.o)(fz_ws.l)
    0x08007088   0x0000000e   Code   RO         1847    x$fpl$fpinit        fz_ws.l(fpinit.o)(fz_ws.l)
    0x08007096   0x0000000a   Code   RO         1662    x$fpl$fretinf       fz_ws.l(fretinf.o)(fz_ws.l)
    0x080070a0   0x00000004   Code   RO         1507    x$fpl$printf1       fz_ws.l(printf1.o)(fz_ws.l)
    0x080070a4   0x00000064   Code   RO         1785    x$fpl$retnan        fz_ws.l(retnan.o)(fz_ws.l)
    0x08007108   0x00000060   Code   RO         1512    x$fpl$scalbn        fz_ws.l(scalbn.o)(fz_ws.l)
    0x08007168   0x00000030   Code   RO         1816    x$fpl$trapveneer    fz_ws.l(trapv.o)(fz_ws.l)
    0x08007198   0x00000000   Code   RO         1664    x$fpl$usenofp       fz_ws.l(usenofp.o)(fz_ws.l)
    0x08007198   0x00000051   Data   RO          158    .constdata          main.o
    0x080071e9   0x00000007   PAD
    0x080071f0   0x00000050   Data   RO         1523    .constdata          m_ws.l(asin.o)(m_ws.l)
    0x08007240   0x00000030   Data   RO         1666    .constdata          m_ws.l(cos_i.o)(m_ws.l)
    0x08007270   0x000000c8   Data   RO         1676    .constdata          m_ws.l(rred.o)(m_ws.l)
    0x08007338   0x00000028   Data   RO         1680    .constdata          m_ws.l(sin_i.o)(m_ws.l)
    0x08007360   0x00000094   Data   RO         1743    .constdata          c_w.l(bigflt0.o)(c_w.l)
    0x080073f4   0x00000018   Data   RO          264    .constdata__ZTVN13geometry_msgs10QuaternionE  main.o
    0x0800740c   0x00000018   Data   RO          256    .constdata__ZTVN13geometry_msgs5TwistE  main.o
    0x08007424   0x00000018   Data   RO          254    .constdata__ZTVN13geometry_msgs7Vector3E  main.o
    0x0800743c   0x00000018   Data   RO          252    .constdata__ZTVN14rosserial_msgs20RequestParamResponseE  main.o
    0x08007454   0x00000018   Data   RO          527    .constdata__ZTVN14rosserial_msgs3LogE  main.o
    0x0800746c   0x00000018   Data   RO          250    .constdata__ZTVN14rosserial_msgs9TopicInfoE  main.o
    0x08007484   0x00000018   Data   RO          268    .constdata__ZTVN3ros10SubscriberIN13geometry_msgs5TwistEEE  main.o
    0x0800749c   0x00000014   Data   RO          266    .constdata__ZTVN3ros11NodeHandle_I13STM32HardwareLi25ELi25ELi1024ELi1024EEE  main.o
    0x080074b0   0x00000018   Data   RO          262    .constdata__ZTVN8std_msgs4Int8E  main.o
    0x080074c8   0x00000018   Data   RO          248    .constdata__ZTVN8std_msgs4TimeE  main.o
    0x080074e0   0x00000018   Data   RO          258    .constdata__ZTVN8std_msgs6StringE  main.o
    0x080074f8   0x00000018   Data   RO          260    .constdata__ZTVN8std_msgs7Float32E  main.o
    0x08007510   0x00000020   Data   RO         1885    Region$$Table       anon$$obj.o
    0x08007530   0x0000001c   Data   RO         1767    locale$$data        c_w.l(lc_numeric_c.o)(c_w.l)
    0x0800754c   0x00000004   Data   RO          160    .init_array         main.o


    Execution Region RW_IRAM1 (Base: 0x20000000, Size: 0x00002060, Max: 0x00010000, ABSOLUTE, COMPRESSED[0x00000034])

    Base Addr    Size         Type   Attr      Idx    E Section Name        Object

    0x20000000   0x000000d8   Data   RW          159    .data               main.o
    0x200000d8   0x00000018   Data   RW          809    .data               uart.o
    0x200000f0   0x00000004   Data   RW          871    .data               motor_driver.o
    0x200000f4   0x00000001   Data   RW          872    .data               motor_driver.o
    0x200000f5   0x00000001   PAD
    0x200000f6   0x00000002   Data   RW          892    .data               head_driver.o
    0x200000f8   0x00000002   Data   RW          893    .data               head_driver.o
    0x200000fa   0x00000002   PAD
    0x200000fc   0x00000008   Data   RW          912    .data               head_sensor.o
    0x20000104   0x00000004   Data   RW          913    .data               head_sensor.o
    0x20000108   0x00000002   Data   RW          932    .data               timer.o
    0x2000010a   0x00000002   PAD
    0x2000010c   0x00000004   Data   RW          933    .data               timer.o
    0x20000110   0x00000008   Data   RW          960    .data               rtk_packge.o
    0x20000118   0x00000014   Data   RW          982    .data               imu.o
    0x2000012c   0x00000008   Data   RW          983    .data               imu.o
    0x20000134   0x00000014   Data   RW         1002    .data               stm32f10x_rcc.o
    0x20000148   0x00000014   Data   RW         1133    .data               system_stm32f10x.o
    0x2000015c   0x00000a64   Zero   RW          157    .bss                main.o
    0x20000bc0   0x0000000c   Zero   RW          770    .bss                global.o
    0x20000bcc   0x00000d2c   Zero   RW          808    .bss                uart.o
    0x200018f8   0x00000074   Zero   RW          957    .bss                rtk_packge.o
    0x2000196c   0x00000074   Zero   RW          958    .bss                rtk_packge.o
    0x200019e0   0x0000000f   Zero   RW          980    .bss                imu.o
    0x200019ef   0x0000000f   Zero   RW          981    .bss                imu.o
    0x200019fe   0x00000002   PAD
    0x20001a00   0x00000060   Zero   RW         1694    .bss                c_w.l(libspace.o)(c_w.l)
    0x20001a60   0x00000200   Zero   RW         1170    HEAP                startup_stm32f10x_cl.o
    0x20001c60   0x00000400   Zero   RW         1169    STACK               startup_stm32f10x_cl.o


==============================================================================

Image component sizes


      Code (inc. data)   RO Data    RW Data    ZI Data      Debug   Object Name

        32          0          0          0         12          0   global.o
       184         18          0          0          0          0   hardware_init.o
       112         16          0          4          0          0   head_driver.o
       116          4          0         12          0          0   head_sensor.o
       288         10          0         28         30          0   imu.o
        74          0          0          0          0          0   io_config.o
      6042       1058        369        216       2660          0   main.o
       180         18          0          0          0          0   misc.o
       632         54          0          5          0          0   motor_driver.o
       172         10          0          8        232          0   rtk_packge.o
        64         26        336          0       1536          0   startup_stm32f10x_cl.o
       244         18          0          0          0          0   stm32f10x_exti.o
       616         42          0          0          0          0   stm32f10x_gpio.o
       540         32          0          0          0          0   stm32f10x_it.o
       880         66          0         20          0          0   stm32f10x_rcc.o
      2676         86          0          0          0          0   stm32f10x_tim.o
       816         20          0          0          0          0   stm32f10x_usart.o
       424         46          0         20          0          0   system_stm32f10x.o
       124          6          0          0          0          0   time.o
       248         14          0          6          0          0   timer.o
      1816         68          0         24       3372          0   uart.o

    ----------------------------------------------------------------------
     16286       1612        744        348       7844          0   Object Totals
         0          0         32          0          0          0   (incl. Generated)
         6          0          7          5          2          0   (incl. Padding)

    ----------------------------------------------------------------------

      Code (inc. data)   RO Data    RW Data    ZI Data      Debug   Library Member Name

        90          0          0          0          0          0   __dczerorl2.o
         8          0          0          0          0          0   __main.o
       286          0          0          0          0          0   __printf_wp.o
        52          8          0          0          0          0   __scatter.o
        28          0          0          0          0          0   __scatter_zi.o
        48          6          0          0          0          0   _printf_char_common.o
         6          0          0          0          0          0   _printf_d.o
       116         18          0          0          0          0   _printf_dec.o
         6          0          0          0          0          0   _printf_f.o
      1038          0          0          0          0          0   _printf_fp_dec.o
       124         16          0          0          0          0   _printf_fp_infnan.o
       180          0          0          0          0          0   _printf_intcommon.o
         0          0          0          0          0          0   _printf_percent.o
         4          0          0          0          0          0   _printf_percent_end.o
        22          0          0          0          0          0   _rserrno.o
        10          0          0          0          0          0   _sputc.o
       236          6        148          0          0          0   bigflt0.o
      1910        128          0          0          0          0   btod.o
        10          0          0          0          0          0   defsig_exit.o
        50          0          0          0          0          0   defsig_general.o
        76         56          0          0          0          0   defsig_rtmem_inner.o
        14          0          0          0          0          0   defsig_rtmem_outer.o
        12          0          0          0          0          0   exit.o
       100          0          0          0          0          0   h1_alloc.o
        50          0          0          0          0          0   h1_extend.o
        78          0          0          0          0          0   h1_free.o
        14          0          0          0          0          0   h1_init.o
       190          0          0          0          0          0   h1_realloc.o
         6          0          0          0          0          0   heapauxi.o
         4          0          0          0          0          0   hguard.o
        36         10          0          0          0          0   init_aeabi.o
       138          0          0          0          0          0   init_alloc.o
        44         10         28          0          0          0   lc_numeric_c.o
         6          0          0          0          0          0   libinit.o
        30          0          0          0          0          0   libinit2.o
         2          0          0          0          0          0   libshutdown.o
         2          0          0          0          0          0   libshutdown2.o
         8          4          0          0         96          0   libspace.o
       138          0          0          0          0          0   lludiv10.o
         0          0          0          0          0          0   maybetermalloc1.o
        40          6          0          0          0          0   noretval__2sprintf.o
        12          4          0          0          0          0   rt_errno_addr_intlibspace.o
        12          4          0          0          0          0   rt_fp_status_addr_intlibspace.o
        12          4          0          0          0          0   rt_heap_descriptor_intlibspace.o
        12          4          0          0          0          0   rt_locale_intlibspace.o
       138          0          0          0          0          0   rt_memcpy_v6.o
       100          0          0          0          0          0   rt_memcpy_w.o
         0          0          0          0          0          0   rtentry.o
        12          0          0          0          0          0   rtentry2.o
         6          0          0          0          0          0   rtentry4.o
         2          0          0          0          0          0   rtexit.o
        10          0          0          0          0          0   rtexit2.o
        16          0          0          0          0          0   rtudiv10.o
       128          0          0          0          0          0   strcmpv7m.o
        62          0          0          0          0          0   strlen.o
        12          4          0          0          0          0   sys_exit.o
        74          0          0          0          0          0   sys_stackheap_outer.o
        14          0          0          0          0          0   sys_wrch.o
         2          0          0          0          0          0   use_no_semi.o
        98          4          0          0          0          0   d2f.o
       822         16          0          0          0          0   daddsub_clz.o
        16          4          0          0          0          0   dcheck1.o
        24          0          0          0          0          0   dcmpi.o
       688        140          0          0          0          0   ddiv.o
        94          4          0          0          0          0   dfix.o
        84          0          0          0          0          0   dflt_clz.o
       120          4          0          0          0          0   dleqf.o
       340         12          0          0          0          0   dmul.o
       156          4          0          0          0          0   dnaninf.o
        12          0          0          0          0          0   dretinf.o
       108          0          0          0          0          0   drleqf.o
       460         56          0          0          0          0   dsqrt_noumaal.o
        86          4          0          0          0          0   f2d.o
       388         76          0          0          0          0   fdiv.o
       140          4          0          0          0          0   fnaninf.o
        14          0          0          0          0          0   fpinit.o
        10          0          0          0          0          0   fretinf.o
         4          0          0          0          0          0   printf1.o
       100          0          0          0          0          0   retnan.o
        96          0          0          0          0          0   scalbn.o
        48          0          0          0          0          0   trapv.o
         0          0          0          0          0          0   usenofp.o
       640         54         80          0          0          0   asin.o
       172          8          0          0          0          0   cos.o
       252         22         48          0          0          0   cos_i.o
        16          6          0          0          0          0   dunder.o
        40          0          0          0          0          0   fpclassify.o
       170          0          0          0          0          0   poly.o
       904         72        200          0          0          0   rred.o
       176         10          0          0          0          0   sin.o
       240         14         40          0          0          0   sin_i.o
        74          0          0          0          0          0   sqrt.o

    ----------------------------------------------------------------------
     12458        802        544          0         96          0   Library Totals
        30          0          0          0          0          0   (incl. Padding)

    ----------------------------------------------------------------------

      Code (inc. data)   RO Data    RW Data    ZI Data      Debug   Library Name

      5836        288        176          0         96       4292   c_w.l
      3908        328          0          0          0       2252   fz_ws.l
      2684        186        368          0          0       1128   m_ws.l

    ----------------------------------------------------------------------
     12458        802        544          0         96          0   Library Totals

    ----------------------------------------------------------------------

==============================================================================


      Code (inc. data)   RO Data    RW Data    ZI Data      Debug   

     28744       2414       1288        348       7940     439620   Grand Totals
     28744       2414       1288         52       7940     439620   ELF Image Totals (compressed)
     28744       2414       1288         52          0          0   ROM Totals

==============================================================================

    Total RO  Size (Code + RO Data)                30032 (  29.33kB)
    Total RW  Size (RW Data + ZI Data)              8288 (   8.09kB)
    Total ROM Size (Code + RO Data + RW Data)      30084 (  29.38kB)

==============================================================================

